2026-07-15 12:11:58,295 - INFO - 日志系统启动 - 输出目录: /Users/maoge/Documents/JLGLMaolab/F3DMaojoco/exports/e6
2026-07-15 12:11:58,296 - INFO - 开始: F3DMaojoco导出
2026-07-15 12:11:58,296 - INFO - 备份创建成功
2026-07-15 12:11:58,296 - INFO - 开始导出装配体
2026-07-15 12:11:58,296 - INFO - 开始: 装配体导出
2026-07-15 12:11:58,300 - INFO - 开始收集零部件信息
2026-07-15 12:11:58,300 - INFO - 开始收集零部件信息
2026-07-15 12:11:58,304 - INFO - 收集零部件: 用于绘制腿部结构的舵机组 v7
2026-07-15 12:11:58,309 - DEBUG - 变换矩阵 - servo_mg90s v2_world: Transform4D
2026-07-15 12:11:58,309 - DEBUG - servo_mg90s v2: 装配体路径 = 用于绘制腿部结构的舵机组 v7/servo_mg90s v2:2
2026-07-15 12:11:58,309 - DEBUG - servo_mg90s v2: 有子零部件 = False
2026-07-15 12:11:58,309 - INFO - 创建零部件: servo_mg90s v2
2026-07-15 12:11:58,309 - DEBUG - 变换矩阵 - servo_mg90s v2_world: Transform4D
2026-07-15 12:11:58,309 - DEBUG - servo_mg90s v2: 装配体路径 = 用于绘制腿部结构的舵机组 v7/servo_mg90s v2:3
2026-07-15 12:11:58,309 - DEBUG - servo_mg90s v2: 有子零部件 = False
2026-07-15 12:11:58,309 - INFO - 创建零部件: servo_mg90s v2
2026-07-15 12:11:58,311 - DEBUG - 变换矩阵 - ONE-LEG_world: Transform4D
2026-07-15 12:11:58,311 - DEBUG - ONE-LEG: 装配体路径 = 用于绘制腿部结构的舵机组 v7/ONE-LEG:1
2026-07-15 12:11:58,311 - DEBUG - ONE-LEG: 有子零部件 = True
2026-07-15 12:11:58,320 - WARNING - 碰撞体 COL_小腿传动（1 个实体）未找到圆柱面，跳过。实际面类型分布: {}
2026-07-15 12:11:58,320 - WARNING - 碰撞体 COL_膝盖动力连接（1 个实体）未找到圆柱面，跳过。实际面类型分布: {}
2026-07-15 12:11:58,320 - WARNING - 碰撞体 COL_小腿连接（1 个实体）未找到圆柱面，跳过。实际面类型分布: {}
2026-07-15 12:11:58,321 - WARNING - 碰撞体 COL_圆柱实体组（4 个实体）未找到圆柱面，跳过。实际面类型分布: {}
2026-07-15 12:11:58,321 - WARNING - 碰撞体 COL_膝盖动力发生（1 个实体）未找到圆柱面，跳过。实际面类型分布: {}
2026-07-15 12:11:58,321 - WARNING - 碰撞体 COL:1 无实体，跳过
2026-07-15 12:11:58,321 - INFO - 创建零部件: ONE-LEG
2026-07-15 12:11:58,321 - DEBUG - 变换矩阵 - 膝盖传动1_world: Transform4D
2026-07-15 12:11:58,321 - DEBUG - 膝盖传动1: 装配体路径 = 用于绘制腿部结构的舵机组 v7/ONE-LEG:1/膝盖传动1:1
2026-07-15 12:11:58,321 - DEBUG - 膝盖传动1: 有子零部件 = True
2026-07-15 12:11:58,321 - WARNING - 碰撞体 COL_小腿传动（1 个实体）未找到圆柱面，跳过。实际面类型分布: {}
2026-07-15 12:11:58,321 - INFO - 创建零部件: 膝盖传动1
2026-07-15 12:11:58,321 - DEBUG - 跳过碰撞体 occurrence: COL_小腿传动:1
2026-07-15 12:11:58,321 - DEBUG - 变换矩阵 - 膝盖转动_world: Transform4D
2026-07-15 12:11:58,321 - DEBUG - 膝盖转动: 装配体路径 = 用于绘制腿部结构的舵机组 v7/ONE-LEG:1/膝盖转动:1
2026-07-15 12:11:58,321 - DEBUG - 膝盖转动: 有子零部件 = True
2026-07-15 12:11:58,322 - WARNING - 碰撞体 COL_膝盖动力连接（1 个实体）未找到圆柱面，跳过。实际面类型分布: {}
2026-07-15 12:11:58,322 - INFO - 创建零部件: 膝盖转动
2026-07-15 12:11:58,322 - DEBUG - 跳过碰撞体 occurrence: COL_膝盖动力连接:1
2026-07-15 12:11:58,322 - DEBUG - 变换矩阵 - 膝盖传动2_world: Transform4D
2026-07-15 12:11:58,322 - DEBUG - 膝盖传动2: 装配体路径 = 用于绘制腿部结构的舵机组 v7/ONE-LEG:1/膝盖传动2:1
2026-07-15 12:11:58,322 - DEBUG - 膝盖传动2: 有子零部件 = False
2026-07-15 12:11:58,322 - INFO - 创建零部件: 膝盖传动2
2026-07-15 12:11:58,322 - DEBUG - 变换矩阵 - 小腿_world: Transform4D
2026-07-15 12:11:58,322 - DEBUG - 小腿: 装配体路径 = 用于绘制腿部结构的舵机组 v7/ONE-LEG:1/小腿:1
2026-07-15 12:11:58,322 - DEBUG - 小腿: 有子零部件 = True
2026-07-15 12:11:58,322 - WARNING - 碰撞体 COL_小腿连接（1 个实体）未找到圆柱面，跳过。实际面类型分布: {}
2026-07-15 12:11:58,322 - INFO - 创建零部件: 小腿
2026-07-15 12:11:58,322 - DEBUG - 跳过碰撞体 occurrence: COL_小腿连接:1
2026-07-15 12:11:58,322 - DEBUG - 变换矩阵 - 大腿部分_world: Transform4D
2026-07-15 12:11:58,322 - DEBUG - 大腿部分: 装配体路径 = 用于绘制腿部结构的舵机组 v7/ONE-LEG:1/大腿部分:1
2026-07-15 12:11:58,322 - DEBUG - 大腿部分: 有子零部件 = True
2026-07-15 12:11:58,322 - WARNING - 碰撞体 COL_圆柱实体组（4 个实体）未找到圆柱面，跳过。实际面类型分布: {}
2026-07-15 12:11:58,322 - INFO - 创建零部件: 大腿部分
2026-07-15 12:11:58,322 - DEBUG - 变换矩阵 - 大腿主动力发生器_world: Transform4D
2026-07-15 12:11:58,322 - DEBUG - 大腿主动力发生器: 装配体路径 = 用于绘制腿部结构的舵机组 v7/ONE-LEG:1/大腿部分:1/大腿主动力发生器:1
2026-07-15 12:11:58,322 - DEBUG - 大腿主动力发生器: 有子零部件 = False
2026-07-15 12:11:58,322 - INFO - 创建零部件: 大腿主动力发生器
2026-07-15 12:11:58,322 - DEBUG - 变换矩阵 - 小腿保持架_world: Transform4D
2026-07-15 12:11:58,322 - DEBUG - 小腿保持架: 装配体路径 = 用于绘制腿部结构的舵机组 v7/ONE-LEG:1/大腿部分:1/小腿保持架:1
2026-07-15 12:11:58,322 - DEBUG - 小腿保持架: 有子零部件 = False
2026-07-15 12:11:58,322 - INFO - 创建零部件: 小腿保持架
2026-07-15 12:11:58,322 - DEBUG - 变换矩阵 - 髋关节保持架_world: Transform4D
2026-07-15 12:11:58,322 - DEBUG - 髋关节保持架: 装配体路径 = 用于绘制腿部结构的舵机组 v7/ONE-LEG:1/大腿部分:1/髋关节保持架:1
2026-07-15 12:11:58,322 - DEBUG - 髋关节保持架: 有子零部件 = False
2026-07-15 12:11:58,323 - INFO - 创建零部件: 髋关节保持架
2026-07-15 12:11:58,323 - DEBUG - 变换矩阵 - 大腿盖板_world: Transform4D
2026-07-15 12:11:58,323 - DEBUG - 大腿盖板: 装配体路径 = 用于绘制腿部结构的舵机组 v7/ONE-LEG:1/大腿部分:1/大腿盖板:1
2026-07-15 12:11:58,323 - DEBUG - 大腿盖板: 有子零部件 = False
2026-07-15 12:11:58,323 - INFO - 创建零部件: 大腿盖板
2026-07-15 12:11:58,323 - DEBUG - 跳过碰撞体 occurrence: COL_圆柱实体组:1
2026-07-15 12:11:58,323 - DEBUG - 变换矩阵 - 膝盖动力发生器_world: Transform4D
2026-07-15 12:11:58,323 - DEBUG - 膝盖动力发生器: 装配体路径 = 用于绘制腿部结构的舵机组 v7/ONE-LEG:1/膝盖动力发生器:1
2026-07-15 12:11:58,323 - DEBUG - 膝盖动力发生器: 有子零部件 = True
2026-07-15 12:11:58,323 - WARNING - 碰撞体 COL_膝盖动力发生（1 个实体）未找到圆柱面，跳过。实际面类型分布: {}
2026-07-15 12:11:58,323 - INFO - 创建零部件: 膝盖动力发生器
2026-07-15 12:11:58,323 - DEBUG - 跳过碰撞体 occurrence: COL_膝盖动力发生:1
2026-07-15 12:11:58,323 - DEBUG - 跳过碰撞体 occurrence: COL:1
2026-07-15 12:11:58,323 - INFO - 收集零部件: servo_mg90s v2
2026-07-15 12:11:58,323 - INFO - 收集零部件: servo_mg90s v2
2026-07-15 12:11:58,323 - INFO - 零部件收集完成，共收集 13 个零部件
2026-07-15 12:11:58,323 - INFO - 进度: 13/13 (100.0%) - 零部件收集完成
2026-07-15 12:11:58,323 - INFO - 开始分析关节信息
2026-07-15 12:11:58,323 - INFO - 开始分析关节信息
2026-07-15 12:11:58,351 - DEBUG - 处理关节: 旋转 1
2026-07-15 12:11:58,352 - DEBUG - geo_one 类型: <class 'adsk.fusion.JointGeometry'>, geo_two 类型: <class 'adsk.fusion.JointGeometry'>
2026-07-15 12:11:58,352 - DEBUG - geo_one 找到 occurrence: 膝盖动力发生器:1
2026-07-15 12:11:58,352 - DEBUG - geo_two 找到 occurrence: servo_mg90s v2:2
2026-07-15 12:11:58,352 - DEBUG - 关节 旋转 1 连接信息: JointConnection(occurrence_one_name='膝盖动力发生器:1', occurrence_one_full_path='膝盖动力发生器:1', occurrence_one_component='膝盖动力发生器', occurrence_two_name='servo_mg90s v2:2', occurrence_two_full_path='servo_mg90s v2:2', occurrence_two_component='servo_mg90s v2')
2026-07-15 12:11:58,353 - DEBUG - 获取几何实体变换矩阵，类型: <class 'adsk.fusion.JointGeometry'>
2026-07-15 12:11:58,354 - DEBUG - 从 JointGeometry 坐标系构建变换矩阵（已转换为毫米）: [[1.0, 1.110223024625161e-16, 0.0, -10.900000000000007], [0.0, 1.0, -2.44929349141908e-16, 3.000000000000001], [0.0, -2.44929349141908e-16, -1.0, 14.399999999999999], [0.0, 0.0, 0.0, 1.0]]
2026-07-15 12:11:58,355 - DEBUG - 获取几何实体变换矩阵，类型: <class 'adsk.fusion.JointGeometry'>
2026-07-15 12:11:58,355 - DEBUG - 从 JointGeometry 坐标系构建变换矩阵（已转换为毫米）: [[1.0, -1.2246467991473537e-16, -3.944304526105059e-31, -10.9], [4.930380657631324e-32, 1.0, 8.721036339266858e-33, 3.500000000000001], [-3.944304526105059e-31, 1.922556626864841e-33, -1.0, 14.399999999999993], [0.0, 0.0, 0.0, 1.0]]
2026-07-15 12:11:58,356 - DEBUG - 找到旋转限制: [0.000, 0.000] rad, rest=0.000
2026-07-15 12:11:58,357 - DEBUG - 当前旋转角度: 0.000 rad
2026-07-15 12:11:58,357 - INFO - 成功提取旋转关节 旋转 1 限制信息
2026-07-15 12:11:58,357 - DEBUG - 旋转轴: Vector3D(x=1.1102230246251595e-16, y=1.0, z=-1.224646799147355e-16), 限制: [0.000, 0.000] rad
2026-07-15 12:11:58,357 - WARNING - 旋转限制值无效: min >= max
2026-07-15 12:11:58,357 - WARNING - 关节 旋转 1 的限制信息验证失败
2026-07-15 12:11:58,357 - INFO - 关节: 旋转 1 (类型: revolute)
2026-07-15 12:11:58,358 - DEBUG - 处理关节: 旋转 2
2026-07-15 12:11:58,358 - DEBUG - geo_one 类型: <class 'adsk.fusion.JointGeometry'>, geo_two 类型: <class 'adsk.fusion.JointGeometry'>
2026-07-15 12:11:58,358 - DEBUG - geo_one 找到 occurrence: 大腿主动力发生器:1
2026-07-15 12:11:58,358 - DEBUG - geo_two 找到 occurrence: servo_mg90s v2:2
2026-07-15 12:11:58,358 - DEBUG - 关节 旋转 2 连接信息: JointConnection(occurrence_one_name='大腿主动力发生器:1', occurrence_one_full_path='大腿主动力发生器:1', occurrence_one_component='大腿主动力发生器', occurrence_two_name='servo_mg90s v2:2', occurrence_two_full_path='servo_mg90s v2:2', occurrence_two_component='servo_mg90s v2')
2026-07-15 12:11:58,358 - DEBUG - 获取几何实体变换矩阵，类型: <class 'adsk.fusion.JointGeometry'>
2026-07-15 12:11:58,358 - DEBUG - 从 JointGeometry 坐标系构建变换矩阵（已转换为毫米）: [[1.0, 0.0, 0.0, 0.0], [0.0, -1.0, 0.0, 3.0000000000000004], [0.0, 0.0, 1.0, 0.0], [0.0, 0.0, 0.0, 1.0]]
2026-07-15 12:11:58,359 - DEBUG - 获取几何实体变换矩阵，类型: <class 'adsk.fusion.JointGeometry'>
2026-07-15 12:11:58,359 - DEBUG - 从 JointGeometry 坐标系构建变换矩阵（已转换为毫米）: [[1.0, -1.2246467991473532e-16, 0.0, -9.817843340120827e-32], [-2.7369110631344083e-48, 1.0, -2.5407181807811912e-33, 3.5000000000000004], [0.0, -2.5407181807811967e-33, -1.0, -4.2862637970157386e-16], [0.0, 0.0, 0.0, 1.0]]
2026-07-15 12:11:58,359 - DEBUG - 找到旋转限制: [0.000, 0.000] rad, rest=0.000
2026-07-15 12:11:58,359 - DEBUG - 当前旋转角度: 0.000 rad
2026-07-15 12:11:58,359 - INFO - 成功提取旋转关节 旋转 2 限制信息
2026-07-15 12:11:58,359 - DEBUG - 旋转轴: Vector3D(x=-3.059169915255499e-32, y=1.0, z=-1.2246467991473537e-16), 限制: [0.000, 0.000] rad
2026-07-15 12:11:58,359 - WARNING - 旋转限制值无效: min >= max
2026-07-15 12:11:58,359 - WARNING - 关节 旋转 2 的限制信息验证失败
2026-07-15 12:11:58,359 - INFO - 关节: 旋转 2 (类型: revolute)
2026-07-15 12:11:58,360 - DEBUG - 处理关节: 旋转 2
2026-07-15 12:11:58,360 - DEBUG - geo_one 类型: <class 'adsk.fusion.JointGeometry'>, geo_two 类型: <class 'adsk.fusion.JointGeometry'>
2026-07-15 12:11:58,361 - DEBUG - geo_one 找到 occurrence: 膝盖转动:1
2026-07-15 12:11:58,361 - DEBUG - geo_two 找到 occurrence: 大腿主动力发生器:1
2026-07-15 12:11:58,361 - DEBUG - 关节 旋转 2 连接信息: JointConnection(occurrence_one_name='膝盖转动:1', occurrence_one_full_path='膝盖转动:1', occurrence_one_component='膝盖转动', occurrence_two_name='大腿主动力发生器:1', occurrence_two_full_path='大腿主动力发生器:1', occurrence_two_component='大腿主动力发生器')
2026-07-15 12:11:58,361 - DEBUG - 获取几何实体变换矩阵，类型: <class 'adsk.fusion.JointGeometry'>
2026-07-15 12:11:58,361 - DEBUG - 从 JointGeometry 坐标系构建变换矩阵（已转换为毫米）: [[1.0, 0.0, 0.0, 0.0], [0.0, -1.0, 0.0, -1.0000000000000013], [0.0, 0.0, 1.0, 0.0], [0.0, 0.0, 0.0, 1.0]]
2026-07-15 12:11:58,361 - DEBUG - 获取几何实体变换矩阵，类型: <class 'adsk.fusion.JointGeometry'>
2026-07-15 12:11:58,361 - DEBUG - 从 JointGeometry 坐标系构建变换矩阵（已转换为毫米）: [[1.0, 0.0, 0.0, 0.0], [0.0, -1.0, 0.0, -1.1102230246251565e-15], [0.0, 0.0, 1.0, 0.0], [0.0, 0.0, 0.0, 1.0]]
2026-07-15 12:11:58,361 - DEBUG - 找到旋转限制: [0.000, 0.000] rad, rest=0.000
2026-07-15 12:11:58,362 - DEBUG - 当前旋转角度: 0.000 rad
2026-07-15 12:11:58,362 - INFO - 成功提取旋转关节 旋转 2 限制信息
2026-07-15 12:11:58,362 - DEBUG - 旋转轴: Vector3D(x=0.0, y=-1.0, z=0.0), 限制: [0.000, 0.000] rad
2026-07-15 12:11:58,362 - WARNING - 旋转限制值无效: min >= max
2026-07-15 12:11:58,362 - WARNING - 关节 旋转 2 的限制信息验证失败
2026-07-15 12:11:58,362 - INFO - 关节: 旋转 2 (类型: revolute)
2026-07-15 12:11:58,362 - DEBUG - 处理关节: 旋转 3
2026-07-15 12:11:58,362 - DEBUG - geo_one 类型: <class 'adsk.fusion.JointGeometry'>, geo_two 类型: <class 'adsk.fusion.JointGeometry'>
2026-07-15 12:11:58,362 - DEBUG - geo_one 找到 occurrence: 大腿主动力发生器:1
2026-07-15 12:11:58,362 - DEBUG - geo_two 找到 occurrence: 小腿:1
2026-07-15 12:11:58,362 - DEBUG - 关节 旋转 3 连接信息: JointConnection(occurrence_one_name='大腿主动力发生器:1', occurrence_one_full_path='大腿主动力发生器:1', occurrence_one_component='大腿主动力发生器', occurrence_two_name='小腿:1', occurrence_two_full_path='小腿:1', occurrence_two_component='小腿')
2026-07-15 12:11:58,363 - DEBUG - 获取几何实体变换矩阵，类型: <class 'adsk.fusion.JointGeometry'>
2026-07-15 12:11:58,363 - DEBUG - 从 JointGeometry 坐标系构建变换矩阵（已转换为毫米）: [[1.0, 0.0, 0.0, 24.999999593604684], [0.0, 1.0, 0.0, -6.000000000000001], [0.0, 0.0, -1.0, -43.30127018922194], [0.0, 0.0, 0.0, 1.0]]
2026-07-15 12:11:58,363 - DEBUG - 获取几何实体变换矩阵，类型: <class 'adsk.fusion.JointGeometry'>
2026-07-15 12:11:58,363 - DEBUG - 从 JointGeometry 坐标系构建变换矩阵（已转换为毫米）: [[-0.9999999999999988, -5.079941328241823e-08, 0.0, 24.999999593610262], [5.0799413282418235e-08, -0.9999999999999988, 1.232595164407831e-32, -5.5000000000000195], [9.392266674999547e-40, -1.8488927466117442e-32, -1.0, -43.30127018921872], [0.0, 0.0, 0.0, 1.0]]
2026-07-15 12:11:58,364 - DEBUG - 找到旋转限制: [0.000, 0.000] rad, rest=0.000
2026-07-15 12:11:58,364 - DEBUG - 当前旋转角度: 0.000 rad
2026-07-15 12:11:58,364 - INFO - 成功提取旋转关节 旋转 3 限制信息
2026-07-15 12:11:58,364 - DEBUG - 旋转轴: Vector3D(x=-3.254023643281939e-16, y=-1.0000000000000004, z=1.8369702053174592e-16), 限制: [0.000, 0.000] rad
2026-07-15 12:11:58,364 - WARNING - 旋转限制值无效: min >= max
2026-07-15 12:11:58,364 - WARNING - 关节 旋转 3 的限制信息验证失败
2026-07-15 12:11:58,364 - INFO - 关节: 旋转 3 (类型: revolute)
2026-07-15 12:11:58,364 - DEBUG - 处理关节: 旋转 4
2026-07-15 12:11:58,364 - DEBUG - geo_one 类型: <class 'adsk.fusion.JointGeometry'>, geo_two 类型: <class 'adsk.fusion.JointGeometry'>
2026-07-15 12:11:58,364 - DEBUG - geo_one 找到 occurrence: 膝盖转动:1
2026-07-15 12:11:58,364 - DEBUG - geo_two 找到 occurrence: 膝盖传动2:1
2026-07-15 12:11:58,364 - DEBUG - 关节 旋转 4 连接信息: JointConnection(occurrence_one_name='膝盖转动:1', occurrence_one_full_path='膝盖转动:1', occurrence_one_component='膝盖转动', occurrence_two_name='膝盖传动2:1', occurrence_two_full_path='膝盖传动2:1', occurrence_two_component='膝盖传动2')
2026-07-15 12:11:58,365 - DEBUG - 获取几何实体变换矩阵，类型: <class 'adsk.fusion.JointGeometry'>
2026-07-15 12:11:58,365 - DEBUG - 从 JointGeometry 坐标系构建变换矩阵（已转换为毫米）: [[1.0, 0.0, 0.0, 12.124355652982146], [0.0, -1.0, 0.0, -4.0], [0.0, 0.0, 1.0, 6.999999999999997], [0.0, 0.0, 0.0, 1.0]]
2026-07-15 12:11:58,365 - DEBUG - 获取几何实体变换矩阵，类型: <class 'adsk.fusion.JointGeometry'>
2026-07-15 12:11:58,365 - DEBUG - 从 JointGeometry 坐标系构建变换矩阵（已转换为毫米）: [[1.0, -5.999000866580277e-26, 0.0, 12.12435565298117], [5.889827473806316e-26, -1.0, 6.162975822039155e-33, -4.499999384089859], [0.0, 0.0, 1.0, 7.0000000000015525], [0.0, 0.0, 0.0, 1.0]]
2026-07-15 12:11:58,365 - DEBUG - 找到旋转限制: [-1.920, 1.222] rad, rest=0.087
2026-07-15 12:11:58,365 - DEBUG - 当前旋转角度: 0.000 rad
2026-07-15 12:11:58,365 - INFO - 成功提取旋转关节 旋转 4 限制信息
2026-07-15 12:11:58,365 - DEBUG - 旋转轴: Vector3D(x=5.0799412957015864e-08, y=-0.999999999999999, z=4.5458032502976415e-17), 限制: [-1.920, 1.222] rad
2026-07-15 12:11:58,365 - INFO - 成功提取关节 旋转 4 的限制信息
2026-07-15 12:11:58,366 - DEBUG - 限制摘要: {'type': 'revolute', 'min_angle_deg': -110.0, 'max_angle_deg': 70.0, 'rest_angle_deg': 5.000000000000002, 'has_limits': True, 'current_angle_deg': 2.831646840510158e-06, 'has_axis': True}
2026-07-15 12:11:58,366 - INFO - 关节: 旋转 4 (类型: revolute)
2026-07-15 12:11:58,366 - DEBUG - 处理关节: 旋转 5
2026-07-15 12:11:58,366 - DEBUG - geo_one 类型: <class 'adsk.fusion.JointGeometry'>, geo_two 类型: <class 'adsk.fusion.JointGeometry'>
2026-07-15 12:11:58,366 - DEBUG - geo_one 找到 occurrence: 膝盖传动2:1
2026-07-15 12:11:58,366 - DEBUG - geo_two 找到 occurrence: 小腿:1
2026-07-15 12:11:58,366 - DEBUG - 关节 旋转 5 连接信息: JointConnection(occurrence_one_name='膝盖传动2:1', occurrence_one_full_path='膝盖传动2:1', occurrence_one_component='膝盖传动2', occurrence_two_name='小腿:1', occurrence_two_full_path='小腿:1', occurrence_two_component='小腿')
2026-07-15 12:11:58,367 - DEBUG - 获取几何实体变换矩阵，类型: <class 'adsk.fusion.JointGeometry'>
2026-07-15 12:11:58,367 - DEBUG - 从 JointGeometry 坐标系构建变换矩阵（已转换为毫米）: [[1.0, 5.999000866580277e-26, 0.0, 37.12435521484179], [5.889827473806316e-26, 1.0, -6.162975822039155e-33, -4.499998114104558], [0.0, 0.0, -1.0, -36.30127022221239], [0.0, 0.0, 0.0, 1.0]]
2026-07-15 12:11:58,367 - DEBUG - 获取几何实体变换矩阵，类型: <class 'adsk.fusion.JointGeometry'>
2026-07-15 12:11:58,367 - DEBUG - 从 JointGeometry 坐标系构建变换矩阵（已转换为毫米）: [[1.0, -6.4937412201049016e-24, 0.0, 37.124355189442106], [1.2370366879196048e-25, 1.0, 1.232595164407831e-32, -3.9999981141045593], [0.0, 1.8488927466117464e-32, -1.0, -36.30127022221237], [0.0, 0.0, 0.0, 1.0]]
2026-07-15 12:11:58,367 - DEBUG - 找到旋转限制: [0.000, 0.000] rad, rest=0.000
2026-07-15 12:11:58,367 - DEBUG - 当前旋转角度: 0.000 rad
2026-07-15 12:11:58,367 - INFO - 成功提取旋转关节 旋转 5 限制信息
2026-07-15 12:11:58,367 - DEBUG - 旋转轴: Vector3D(x=-5.0799412957015864e-08, y=0.999999999999999, z=-4.5458052355311116e-17), 限制: [0.000, 0.000] rad
2026-07-15 12:11:58,367 - WARNING - 旋转限制值无效: min >= max
2026-07-15 12:11:58,367 - WARNING - 关节 旋转 5 的限制信息验证失败
2026-07-15 12:11:58,367 - INFO - 关节: 旋转 5 (类型: revolute)
2026-07-15 12:11:58,368 - DEBUG - 处理关节: 旋转 6
2026-07-15 12:11:58,368 - DEBUG - geo_one 类型: <class 'adsk.fusion.JointGeometry'>, geo_two 类型: <class 'adsk.fusion.JointGeometry'>
2026-07-15 12:11:58,368 - DEBUG - geo_one 找到 occurrence: 膝盖动力发生器:1
2026-07-15 12:11:58,368 - DEBUG - geo_two 找到 occurrence: 膝盖传动1:1
2026-07-15 12:11:58,368 - DEBUG - 关节 旋转 6 连接信息: JointConnection(occurrence_one_name='膝盖动力发生器:1', occurrence_one_full_path='膝盖动力发生器:1', occurrence_one_component='膝盖动力发生器', occurrence_two_name='膝盖传动1:1', occurrence_two_full_path='膝盖传动1:1', occurrence_two_component='膝盖传动1')
2026-07-15 12:11:58,368 - DEBUG - 获取几何实体变换矩阵，类型: <class 'adsk.fusion.JointGeometry'>
2026-07-15 12:11:58,368 - DEBUG - 从 JointGeometry 坐标系构建变换矩阵（已转换为毫米）: [[1.0, 0.0, 0.0, -21.29230484541327], [0.0, -1.0, 0.0, -4.000000000000002], [0.0, 0.0, 1.0, 8.399999999999991], [0.0, 0.0, 0.0, 1.0]]
2026-07-15 12:11:58,368 - DEBUG - 获取几何实体变换矩阵，类型: <class 'adsk.fusion.JointGeometry'>
2026-07-15 12:11:58,369 - DEBUG - 从 JointGeometry 坐标系构建变换矩阵（已转换为毫米）: [[1.0, 0.0, 0.0, -21.29230484541327], [0.0, 1.0, 0.0, -4.5], [0.0, 0.0, -1.0, 8.39999999999999], [0.0, 0.0, 0.0, 1.0]]
2026-07-15 12:11:58,369 - DEBUG - 找到旋转限制: [-0.698, 1.134] rad, rest=0.000
2026-07-15 12:11:58,369 - DEBUG - 当前旋转角度: 0.000 rad
2026-07-15 12:11:58,369 - INFO - 成功提取旋转关节 旋转 6 限制信息
2026-07-15 12:11:58,369 - DEBUG - 旋转轴: Vector3D(x=0.0, y=1.0, z=0.0), 限制: [-0.698, 1.134] rad
2026-07-15 12:11:58,369 - INFO - 成功提取关节 旋转 6 的限制信息
2026-07-15 12:11:58,369 - DEBUG - 限制摘要: {'type': 'revolute', 'min_angle_deg': -40.0, 'max_angle_deg': 65.0, 'rest_angle_deg': 0.0, 'has_limits': True, 'current_angle_deg': 0.0, 'has_axis': True}
2026-07-15 12:11:58,369 - INFO - 关节: 旋转 6 (类型: revolute)
2026-07-15 12:11:58,369 - DEBUG - 处理关节: 旋转 7
2026-07-15 12:11:58,369 - DEBUG - geo_one 类型: <class 'adsk.fusion.JointGeometry'>, geo_two 类型: <class 'adsk.fusion.JointGeometry'>
2026-07-15 12:11:58,369 - DEBUG - geo_one 找到 occurrence: 膝盖传动1:1
2026-07-15 12:11:58,369 - DEBUG - geo_two 找到 occurrence: 膝盖转动:1
2026-07-15 12:11:58,370 - DEBUG - 关节 旋转 7 连接信息: JointConnection(occurrence_one_name='膝盖传动1:1', occurrence_one_full_path='膝盖传动1:1', occurrence_one_component='膝盖传动1', occurrence_two_name='膝盖转动:1', occurrence_two_full_path='膝盖转动:1', occurrence_two_component='膝盖转动')
2026-07-15 12:11:58,370 - DEBUG - 获取几何实体变换矩阵，类型: <class 'adsk.fusion.JointGeometry'>
2026-07-15 12:11:58,370 - DEBUG - 从 JointGeometry 坐标系构建变换矩阵（已转换为毫米）: [[1.0, 0.0, 0.0, -12.124355652982146], [0.0, 1.0, 0.0, -4.5], [0.0, 0.0, -1.0, -6.999999999999998], [0.0, 0.0, 0.0, 1.0]]
2026-07-15 12:11:58,370 - DEBUG - 获取几何实体变换矩阵，类型: <class 'adsk.fusion.JointGeometry'>
2026-07-15 12:11:58,370 - DEBUG - 从 JointGeometry 坐标系构建变换矩阵（已转换为毫米）: [[1.0, 0.0, 0.0, -12.124355652982146], [0.0, 1.0, 0.0, -4.0], [0.0, 0.0, -1.0, -6.999999999999998], [0.0, 0.0, 0.0, 1.0]]
2026-07-15 12:11:58,370 - DEBUG - 找到旋转限制: [-2.531, 0.698] rad, rest=0.087
2026-07-15 12:11:58,370 - DEBUG - 当前旋转角度: 0.000 rad
2026-07-15 12:11:58,370 - INFO - 成功提取旋转关节 旋转 7 限制信息
2026-07-15 12:11:58,370 - DEBUG - 旋转轴: Vector3D(x=0.0, y=1.0, z=0.0), 限制: [-2.531, 0.698] rad
2026-07-15 12:11:58,370 - INFO - 成功提取关节 旋转 7 的限制信息
2026-07-15 12:11:58,370 - DEBUG - 限制摘要: {'type': 'revolute', 'min_angle_deg': -145.0, 'max_angle_deg': 40.0, 'rest_angle_deg': 5.000000000000001, 'has_limits': True, 'current_angle_deg': 0.0, 'has_axis': True}
2026-07-15 12:11:58,371 - INFO - 关节: 旋转 7 (类型: revolute)
2026-07-15 12:11:58,371 - INFO - 关节分析完成，共分析 8 个关节
2026-07-15 12:11:58,371 - INFO - 进度: 8/8 (100.0%) - 关节分析完成
2026-07-15 12:11:58,371 - INFO - 开始导出STL文件
2026-07-15 12:11:58,371 - INFO - 开始导出STL文件，网格质量: medium
2026-07-15 12:11:58,371 - INFO - 进度: 1/13 (7.7%) - 导出 servo_mg90s v2
2026-07-15 12:11:58,931 - INFO - STL导出成功零部件: servo_mg90s v2
2026-07-15 12:11:58,931 - INFO - 进度: 2/13 (15.4%) - 导出 servo_mg90s v2
2026-07-15 12:11:59,414 - INFO - STL导出成功零部件: servo_mg90s v2
2026-07-15 12:11:59,414 - INFO - 进度: 3/13 (23.1%) - 导出 ONE-LEG
2026-07-15 12:11:59,990 - INFO - STL导出成功零部件: ONE-LEG
2026-07-15 12:11:59,990 - INFO - 进度: 4/13 (30.8%) - 导出 膝盖传动1
2026-07-15 12:12:00,020 - INFO - STL导出成功零部件: 膝盖传动1
2026-07-15 12:12:00,020 - INFO - 进度: 5/13 (38.5%) - 导出 膝盖转动
2026-07-15 12:12:00,046 - INFO - STL导出成功零部件: 膝盖转动
2026-07-15 12:12:00,046 - INFO - 进度: 6/13 (46.2%) - 导出 膝盖传动2
2026-07-15 12:12:00,066 - INFO - STL导出成功零部件: 膝盖传动2
2026-07-15 12:12:00,067 - INFO - 进度: 7/13 (53.8%) - 导出 小腿
2026-07-15 12:12:00,089 - INFO - STL导出成功零部件: 小腿
2026-07-15 12:12:00,089 - INFO - 进度: 8/13 (61.5%) - 导出 大腿部分
2026-07-15 12:12:00,240 - INFO - STL导出成功零部件: 大腿部分
2026-07-15 12:12:00,240 - INFO - 进度: 9/13 (69.2%) - 导出 大腿主动力发生器
2026-07-15 12:12:00,289 - INFO - STL导出成功零部件: 大腿主动力发生器
2026-07-15 12:12:00,289 - INFO - 进度: 10/13 (76.9%) - 导出 小腿保持架
2026-07-15 12:12:00,334 - INFO - STL导出成功零部件: 小腿保持架
2026-07-15 12:12:00,334 - INFO - 进度: 11/13 (84.6%) - 导出 髋关节保持架
2026-07-15 12:12:00,390 - INFO - STL导出成功零部件: 髋关节保持架
2026-07-15 12:12:00,390 - INFO - 进度: 12/13 (92.3%) - 导出 大腿盖板
2026-07-15 12:12:00,404 - INFO - STL导出成功零部件: 大腿盖板
2026-07-15 12:12:00,404 - INFO - 进度: 13/13 (100.0%) - 导出 膝盖动力发生器
2026-07-15 12:12:00,450 - INFO - STL导出成功零部件: 膝盖动力发生器
2026-07-15 12:12:00,450 - INFO - STL导出完成，成功导出 13 个文件
2026-07-15 12:12:00,450 - INFO - 进度: 13/13 (100.0%) - STL文件导出完成
2026-07-15 12:12:00,450 - INFO - 开始导出STEP文件
2026-07-15 12:12:00,450 - INFO - 开始导出STEP文件
2026-07-15 12:12:00,450 - INFO - 进度: 1/13 (7.7%) - 导出STEP servo_mg90s v2
2026-07-15 12:12:00,998 - INFO - STEP导出成功零部件: servo_mg90s v2
2026-07-15 12:12:00,998 - INFO - 进度: 2/13 (15.4%) - 导出STEP servo_mg90s v2
2026-07-15 12:12:01,517 - INFO - STEP导出成功零部件: servo_mg90s v2
2026-07-15 12:12:01,517 - INFO - 进度: 3/13 (23.1%) - 导出STEP ONE-LEG
2026-07-15 12:12:02,005 - INFO - STEP导出成功零部件: ONE-LEG
2026-07-15 12:12:02,005 - INFO - 进度: 4/13 (30.8%) - 导出STEP 膝盖传动1
2026-07-15 12:12:02,047 - INFO - STEP导出成功零部件: 膝盖传动1
2026-07-15 12:12:02,048 - INFO - 进度: 5/13 (38.5%) - 导出STEP 膝盖转动
2026-07-15 12:12:02,086 - INFO - STEP导出成功零部件: 膝盖转动
2026-07-15 12:12:02,086 - INFO - 进度: 6/13 (46.2%) - 导出STEP 膝盖传动2
2026-07-15 12:12:02,129 - INFO - STEP导出成功零部件: 膝盖传动2
2026-07-15 12:12:02,129 - INFO - 进度: 7/13 (53.8%) - 导出STEP 小腿
2026-07-15 12:12:02,172 - INFO - STEP导出成功零部件: 小腿
2026-07-15 12:12:02,172 - INFO - 进度: 8/13 (61.5%) - 导出STEP 大腿部分
2026-07-15 12:12:02,389 - INFO - STEP导出成功零部件: 大腿部分
2026-07-15 12:12:02,389 - INFO - 进度: 9/13 (69.2%) - 导出STEP 大腿主动力发生器
2026-07-15 12:12:02,465 - INFO - STEP导出成功零部件: 大腿主动力发生器
2026-07-15 12:12:02,465 - INFO - 进度: 10/13 (76.9%) - 导出STEP 小腿保持架
2026-07-15 12:12:02,568 - INFO - STEP导出成功零部件: 小腿保持架
2026-07-15 12:12:02,568 - INFO - 进度: 11/13 (84.6%) - 导出STEP 髋关节保持架
2026-07-15 12:12:02,688 - INFO - STEP导出成功零部件: 髋关节保持架
2026-07-15 12:12:02,688 - INFO - 进度: 12/13 (92.3%) - 导出STEP 大腿盖板
2026-07-15 12:12:02,719 - INFO - STEP导出成功零部件: 大腿盖板
2026-07-15 12:12:02,719 - INFO - 进度: 13/13 (100.0%) - 导出STEP 膝盖动力发生器
2026-07-15 12:12:02,787 - INFO - STEP导出成功零部件: 膝盖动力发生器
2026-07-15 12:12:02,787 - INFO - STEP导出完成，成功导出 13 个文件
2026-07-15 12:12:02,787 - INFO - 进度: 13/13 (100.0%) - STEP文件导出完成
2026-07-15 12:12:02,787 - INFO - 开始创建导出数据
2026-07-15 12:12:02,787 - INFO - 创建元数据: 零部件数=13, 关节数=8
2026-07-15 12:12:02,787 - INFO - 开始序列化数据
2026-07-15 12:12:02,787 - INFO - 开始序列化导出数据
2026-07-15 12:12:02,787 - INFO - 保存导出数据到: /Users/maoge/Documents/JLGLMaolab/F3DMaojoco/exports/e6/component_positions.json
2026-07-15 12:12:02,788 - INFO - 导出数据保存成功
2026-07-15 12:12:02,788 - INFO - 主要数据文件保存成功: component_positions.json
2026-07-15 12:12:02,788 - INFO - 导出描述文件保存成功: export_description.md
2026-07-15 12:12:02,788 - INFO - 数据序列化完成，文件保存在: /Users/maoge/Documents/JLGLMaolab/F3DMaojoco/exports/e6
2026-07-15 12:12:02,788 - INFO - 开始生成分析报告
2026-07-15 12:12:02,788 - INFO - 开始分析导出结果
2026-07-15 12:12:02,788 - INFO - 导出分析完成:
2026-07-15 12:12:02,788 - INFO -   - 零部件: 13 个
2026-07-15 12:12:02,788 - INFO -   - 关节: 8 个
2026-07-15 12:12:02,788 - INFO -   - STL文件: 13 个
2026-07-15 12:12:02,788 - INFO -   - 质量分数: 95.0/100
2026-07-15 12:12:02,788 - INFO -   - 发现 1 个警告
2026-07-15 12:12:02,788 - INFO - 完成: 装配体导出 (耗时: 4.492秒)
2026-07-15 12:12:02,788 - INFO - 导出完成: 13 个零部件, 8 个关节
2026-07-15 12:12:02,789 - INFO - 导出摘要 - 零部件: 13, 关节: 8
2026-07-15 12:12:02,790 - INFO - 导出摘要已显示给用户
2026-07-15 12:12:02,790 - INFO - 导出完成: 13 个零部件, 8 个关节
2026-07-15 12:12:02,790 - INFO - 完成: F3DMaojoco导出 (耗时: 4.494秒)
2026-07-15 12:12:02,790 - INFO - 装配体导出完成
