2026-07-14 11:05:38,435 - INFO - 日志系统启动 - 输出目录: /Users/maoge/Documents/JLGLMaolab/F3DMaojoco/export1
2026-07-14 11:05:38,436 - INFO - 开始: F3DMaojoco导出
2026-07-14 11:05:38,436 - INFO - 备份创建成功
2026-07-14 11:05:38,436 - INFO - 开始导出装配体
2026-07-14 11:05:38,436 - INFO - 开始: 装配体导出
2026-07-14 11:05:38,438 - INFO - 开始收集零部件信息
2026-07-14 11:05:38,438 - INFO - 开始收集零部件信息
2026-07-14 11:05:38,441 - INFO - 收集零部件: 用于绘制腿部结构的舵机组 v6
2026-07-14 11:05:38,446 - DEBUG - 变换矩阵 - servo_mg90s v2_world: Transform4D
2026-07-14 11:05:38,447 - DEBUG - servo_mg90s v2: 装配体路径 = 用于绘制腿部结构的舵机组 v6/servo_mg90s v2:2
2026-07-14 11:05:38,447 - DEBUG - servo_mg90s v2: 有子零部件 = False
2026-07-14 11:05:38,447 - INFO - 创建零部件: servo_mg90s v2
2026-07-14 11:05:38,447 - DEBUG - 变换矩阵 - servo_mg90s v2_world: Transform4D
2026-07-14 11:05:38,447 - DEBUG - servo_mg90s v2: 装配体路径 = 用于绘制腿部结构的舵机组 v6/servo_mg90s v2:3
2026-07-14 11:05:38,447 - DEBUG - servo_mg90s v2: 有子零部件 = False
2026-07-14 11:05:38,447 - INFO - 创建零部件: servo_mg90s v2
2026-07-14 11:05:38,449 - DEBUG - 变换矩阵 - ONE-LEG_world: Transform4D
2026-07-14 11:05:38,449 - DEBUG - ONE-LEG: 装配体路径 = 用于绘制腿部结构的舵机组 v6/ONE-LEG:1
2026-07-14 11:05:38,449 - DEBUG - ONE-LEG: 有子零部件 = True
2026-07-14 11:05:38,449 - INFO - 创建零部件: ONE-LEG
2026-07-14 11:05:38,449 - DEBUG - 变换矩阵 - 膝盖传动1_world: Transform4D
2026-07-14 11:05:38,449 - DEBUG - 膝盖传动1: 装配体路径 = 用于绘制腿部结构的舵机组 v6/ONE-LEG:1/膝盖传动1:1
2026-07-14 11:05:38,449 - DEBUG - 膝盖传动1: 有子零部件 = False
2026-07-14 11:05:38,449 - INFO - 创建零部件: 膝盖传动1
2026-07-14 11:05:38,449 - DEBUG - 变换矩阵 - 膝盖转动_world: Transform4D
2026-07-14 11:05:38,449 - DEBUG - 膝盖转动: 装配体路径 = 用于绘制腿部结构的舵机组 v6/ONE-LEG:1/膝盖转动:1
2026-07-14 11:05:38,449 - DEBUG - 膝盖转动: 有子零部件 = False
2026-07-14 11:05:38,449 - INFO - 创建零部件: 膝盖转动
2026-07-14 11:05:38,449 - DEBUG - 变换矩阵 - 膝盖传动2_world: Transform4D
2026-07-14 11:05:38,449 - DEBUG - 膝盖传动2: 装配体路径 = 用于绘制腿部结构的舵机组 v6/ONE-LEG:1/膝盖传动2:1
2026-07-14 11:05:38,449 - DEBUG - 膝盖传动2: 有子零部件 = False
2026-07-14 11:05:38,449 - INFO - 创建零部件: 膝盖传动2
2026-07-14 11:05:38,449 - DEBUG - 变换矩阵 - 小腿_world: Transform4D
2026-07-14 11:05:38,449 - DEBUG - 小腿: 装配体路径 = 用于绘制腿部结构的舵机组 v6/ONE-LEG:1/小腿:1
2026-07-14 11:05:38,449 - DEBUG - 小腿: 有子零部件 = False
2026-07-14 11:05:38,449 - INFO - 创建零部件: 小腿
2026-07-14 11:05:38,449 - DEBUG - 变换矩阵 - 大腿部分_world: Transform4D
2026-07-14 11:05:38,449 - DEBUG - 大腿部分: 装配体路径 = 用于绘制腿部结构的舵机组 v6/ONE-LEG:1/大腿部分:1
2026-07-14 11:05:38,449 - DEBUG - 大腿部分: 有子零部件 = True
2026-07-14 11:05:38,449 - INFO - 创建零部件: 大腿部分
2026-07-14 11:05:38,449 - DEBUG - 变换矩阵 - 大腿主动力发生器_world: Transform4D
2026-07-14 11:05:38,449 - DEBUG - 大腿主动力发生器: 装配体路径 = 用于绘制腿部结构的舵机组 v6/ONE-LEG:1/大腿部分:1/大腿主动力发生器:1
2026-07-14 11:05:38,449 - DEBUG - 大腿主动力发生器: 有子零部件 = False
2026-07-14 11:05:38,449 - INFO - 创建零部件: 大腿主动力发生器
2026-07-14 11:05:38,450 - DEBUG - 变换矩阵 - 小腿保持架_world: Transform4D
2026-07-14 11:05:38,450 - DEBUG - 小腿保持架: 装配体路径 = 用于绘制腿部结构的舵机组 v6/ONE-LEG:1/大腿部分:1/小腿保持架:1
2026-07-14 11:05:38,450 - DEBUG - 小腿保持架: 有子零部件 = False
2026-07-14 11:05:38,450 - INFO - 创建零部件: 小腿保持架
2026-07-14 11:05:38,450 - DEBUG - 变换矩阵 - 髋关节保持架_world: Transform4D
2026-07-14 11:05:38,450 - DEBUG - 髋关节保持架: 装配体路径 = 用于绘制腿部结构的舵机组 v6/ONE-LEG:1/大腿部分:1/髋关节保持架:1
2026-07-14 11:05:38,450 - DEBUG - 髋关节保持架: 有子零部件 = False
2026-07-14 11:05:38,450 - INFO - 创建零部件: 髋关节保持架
2026-07-14 11:05:38,450 - DEBUG - 变换矩阵 - 大腿盖板_world: Transform4D
2026-07-14 11:05:38,450 - DEBUG - 大腿盖板: 装配体路径 = 用于绘制腿部结构的舵机组 v6/ONE-LEG:1/大腿部分:1/大腿盖板:1
2026-07-14 11:05:38,450 - DEBUG - 大腿盖板: 有子零部件 = False
2026-07-14 11:05:38,450 - INFO - 创建零部件: 大腿盖板
2026-07-14 11:05:38,450 - DEBUG - 变换矩阵 - 膝盖动力发生器_world: Transform4D
2026-07-14 11:05:38,450 - DEBUG - 膝盖动力发生器: 装配体路径 = 用于绘制腿部结构的舵机组 v6/ONE-LEG:1/膝盖动力发生器:1
2026-07-14 11:05:38,450 - DEBUG - 膝盖动力发生器: 有子零部件 = False
2026-07-14 11:05:38,450 - INFO - 创建零部件: 膝盖动力发生器
2026-07-14 11:05:38,450 - INFO - 收集零部件: servo_mg90s v2
2026-07-14 11:05:38,450 - INFO - 零部件收集完成，共收集 13 个零部件
2026-07-14 11:05:38,450 - INFO - 进度: 13/13 (100.0%) - 零部件收集完成
2026-07-14 11:05:38,450 - INFO - 开始分析关节信息
2026-07-14 11:05:38,450 - INFO - 开始分析关节信息
2026-07-14 11:05:38,469 - DEBUG - 处理关节: 旋转 1
2026-07-14 11:05:38,470 - DEBUG - geo_one 类型: <class 'adsk.fusion.JointGeometry'>, geo_two 类型: <class 'adsk.fusion.JointGeometry'>
2026-07-14 11:05:38,470 - DEBUG - geo_one 找到 occurrence: 膝盖动力发生器:1
2026-07-14 11:05:38,470 - DEBUG - geo_two 找到 occurrence: servo_mg90s v2:2
2026-07-14 11:05:38,470 - DEBUG - 关节 旋转 1 连接信息: JointConnection(occurrence_one_name='膝盖动力发生器:1', occurrence_one_full_path='膝盖动力发生器:1', occurrence_one_component='膝盖动力发生器', occurrence_two_name='servo_mg90s v2:2', occurrence_two_full_path='servo_mg90s v2:2', occurrence_two_component='servo_mg90s v2')
2026-07-14 11:05:38,471 - DEBUG - 获取几何实体变换矩阵，类型: <class 'adsk.fusion.JointGeometry'>
2026-07-14 11:05:38,472 - DEBUG - 从 JointGeometry 坐标系构建变换矩阵（已转换为毫米）: [[1.0, 1.110223024625161e-16, 6.5589480514966695e-50, -10.89999999999999], [-2.6778938802048274e-34, 1.0, -2.44929349141908e-16, 3.0000000000000027], [0.0, -2.44929349141908e-16, -1.0, 14.399999999999984], [0.0, 0.0, 0.0, 1.0]]
2026-07-14 11:05:38,472 - DEBUG - 获取几何实体变换矩阵，类型: <class 'adsk.fusion.JointGeometry'>
2026-07-14 11:05:38,472 - DEBUG - 从 JointGeometry 坐标系构建变换矩阵（已转换为毫米）: [[1.0, -1.2246467991473537e-16, -3.944304526105059e-31, -10.9], [4.930380657631324e-32, 1.0, 8.721036339266858e-33, 3.500000000000001], [-3.944304526105059e-31, 1.922556626864841e-33, -1.0, 14.399999999999993], [0.0, 0.0, 0.0, 1.0]]
2026-07-14 11:05:38,473 - DEBUG - 找到旋转限制: [0.000, 0.000] rad, rest=0.000
2026-07-14 11:05:38,473 - DEBUG - 当前旋转角度: 6.283 rad
2026-07-14 11:05:38,473 - INFO - 成功提取旋转关节 旋转 1 限制信息
2026-07-14 11:05:38,473 - DEBUG - 旋转轴: Vector3D(x=1.1102230246251595e-16, y=1.0, z=-1.224646799147355e-16), 限制: [0.000, 0.000] rad
2026-07-14 11:05:38,473 - WARNING - 旋转限制值无效: min >= max
2026-07-14 11:05:38,473 - WARNING - 关节 旋转 1 的限制信息验证失败
2026-07-14 11:05:38,473 - INFO - 关节: 旋转 1 (类型: revolute)
2026-07-14 11:05:38,474 - DEBUG - 处理关节: 旋转 2
2026-07-14 11:05:38,474 - DEBUG - geo_one 类型: <class 'adsk.fusion.JointGeometry'>, geo_two 类型: <class 'adsk.fusion.JointGeometry'>
2026-07-14 11:05:38,474 - DEBUG - geo_one 找到 occurrence: 大腿主动力发生器:1
2026-07-14 11:05:38,474 - DEBUG - geo_two 找到 occurrence: servo_mg90s v2:2
2026-07-14 11:05:38,474 - DEBUG - 关节 旋转 2 连接信息: JointConnection(occurrence_one_name='大腿主动力发生器:1', occurrence_one_full_path='大腿主动力发生器:1', occurrence_one_component='大腿主动力发生器', occurrence_two_name='servo_mg90s v2:2', occurrence_two_full_path='servo_mg90s v2:2', occurrence_two_component='servo_mg90s v2')
2026-07-14 11:05:38,474 - DEBUG - 获取几何实体变换矩阵，类型: <class 'adsk.fusion.JointGeometry'>
2026-07-14 11:05:38,474 - DEBUG - 从 JointGeometry 坐标系构建变换矩阵（已转换为毫米）: [[1.0, 1.2385169121730017e-33, 0.0, -9.07486647010256e-17], [6.055824164596432e-33, -1.0, 0.0, 3.0000000000000018], [0.0, -2.465190328815662e-32, 1.0, -3.338644723938502e-16], [0.0, 0.0, 0.0, 1.0]]
2026-07-14 11:05:38,475 - DEBUG - 获取几何实体变换矩阵，类型: <class 'adsk.fusion.JointGeometry'>
2026-07-14 11:05:38,475 - DEBUG - 从 JointGeometry 坐标系构建变换矩阵（已转换为毫米）: [[1.0, -1.2246467991473532e-16, 0.0, -9.817843340120827e-32], [-2.7369110631344083e-48, 1.0, -2.5407181807811912e-33, 3.5000000000000004], [0.0, -2.5407181807811967e-33, -1.0, -4.2862637970157386e-16], [0.0, 0.0, 0.0, 1.0]]
2026-07-14 11:05:38,475 - DEBUG - 找到旋转限制: [0.000, 0.000] rad, rest=0.000
2026-07-14 11:05:38,475 - DEBUG - 当前旋转角度: 6.283 rad
2026-07-14 11:05:38,475 - INFO - 成功提取旋转关节 旋转 2 限制信息
2026-07-14 11:05:38,475 - DEBUG - 旋转轴: Vector3D(x=-3.059169915255499e-32, y=1.0, z=-1.2246467991473537e-16), 限制: [0.000, 0.000] rad
2026-07-14 11:05:38,475 - WARNING - 旋转限制值无效: min >= max
2026-07-14 11:05:38,475 - WARNING - 关节 旋转 2 的限制信息验证失败
2026-07-14 11:05:38,475 - INFO - 关节: 旋转 2 (类型: revolute)
2026-07-14 11:05:38,476 - DEBUG - 处理关节: 旋转 2
2026-07-14 11:05:38,476 - DEBUG - geo_one 类型: <class 'adsk.fusion.JointGeometry'>, geo_two 类型: <class 'adsk.fusion.JointGeometry'>
2026-07-14 11:05:38,476 - DEBUG - geo_one 找到 occurrence: 膝盖转动:1
2026-07-14 11:05:38,476 - DEBUG - geo_two 找到 occurrence: 大腿主动力发生器:1
2026-07-14 11:05:38,476 - DEBUG - 关节 旋转 2 连接信息: JointConnection(occurrence_one_name='膝盖转动:1', occurrence_one_full_path='膝盖转动:1', occurrence_one_component='膝盖转动', occurrence_two_name='大腿主动力发生器:1', occurrence_two_full_path='大腿主动力发生器:1', occurrence_two_component='大腿主动力发生器')
2026-07-14 11:05:38,477 - DEBUG - 获取几何实体变换矩阵，类型: <class 'adsk.fusion.JointGeometry'>
2026-07-14 11:05:38,477 - DEBUG - 从 JointGeometry 坐标系构建变换矩阵（已转换为毫米）: [[1.0, 2.9973415421292464e-32, 0.0, -4.467946196913295e-16], [1.4881003217810032e-32, -1.0, -2.465190328815662e-32, -1.0000000000000007], [1.232595164407831e-32, -2.465190328815662e-32, 1.0, 3.840572176147951e-16], [0.0, 0.0, 0.0, 1.0]]
2026-07-14 11:05:38,477 - DEBUG - 获取几何实体变换矩阵，类型: <class 'adsk.fusion.JointGeometry'>
2026-07-14 11:05:38,477 - DEBUG - 从 JointGeometry 坐标系构建变换矩阵（已转换为毫米）: [[1.0, 1.2385169121730017e-33, 0.0, -2.744456894019878e-16], [6.055824164596432e-33, -1.0, 0.0, -4.637068634853864e-16], [0.0, -2.465190328815662e-32, 1.0, 2.1722658722245924e-16], [0.0, 0.0, 0.0, 1.0]]
2026-07-14 11:05:38,477 - DEBUG - 找到旋转限制: [0.000, 0.000] rad, rest=0.000
2026-07-14 11:05:38,477 - DEBUG - 当前旋转角度: 0.000 rad
2026-07-14 11:05:38,477 - INFO - 成功提取旋转关节 旋转 2 限制信息
2026-07-14 11:05:38,477 - DEBUG - 旋转轴: Vector3D(x=-6.123234156698738e-17, y=-1.0000000000000002, z=1.8369701987210304e-16), 限制: [0.000, 0.000] rad
2026-07-14 11:05:38,477 - WARNING - 旋转限制值无效: min >= max
2026-07-14 11:05:38,477 - WARNING - 关节 旋转 2 的限制信息验证失败
2026-07-14 11:05:38,478 - INFO - 关节: 旋转 2 (类型: revolute)
2026-07-14 11:05:38,478 - DEBUG - 处理关节: 旋转 3
2026-07-14 11:05:38,478 - DEBUG - geo_one 类型: <class 'adsk.fusion.JointGeometry'>, geo_two 类型: <class 'adsk.fusion.JointGeometry'>
2026-07-14 11:05:38,478 - DEBUG - geo_one 找到 occurrence: 大腿主动力发生器:1
2026-07-14 11:05:38,478 - DEBUG - geo_two 找到 occurrence: 小腿:1
2026-07-14 11:05:38,478 - DEBUG - 关节 旋转 3 连接信息: JointConnection(occurrence_one_name='大腿主动力发生器:1', occurrence_one_full_path='大腿主动力发生器:1', occurrence_one_component='大腿主动力发生器', occurrence_two_name='小腿:1', occurrence_two_full_path='小腿:1', occurrence_two_component='小腿')
2026-07-14 11:05:38,478 - DEBUG - 获取几何实体变换矩阵，类型: <class 'adsk.fusion.JointGeometry'>
2026-07-14 11:05:38,478 - DEBUG - 从 JointGeometry 坐标系构建变换矩阵（已转换为毫米）: [[1.0, -1.2385169121730017e-33, 0.0, 24.999999593604674], [6.055824164596432e-33, 1.0, 0.0, -6.00000000000001], [0.0, 2.465190328815662e-32, -1.0, -43.30127018922194], [0.0, 0.0, 0.0, 1.0]]
2026-07-14 11:05:38,479 - DEBUG - 获取几何实体变换矩阵，类型: <class 'adsk.fusion.JointGeometry'>
2026-07-14 11:05:38,479 - DEBUG - 从 JointGeometry 坐标系构建变换矩阵（已转换为毫米）: [[-0.9999999999999988, -5.079941328241824e-08, -4.1359030627651384e-25, 24.999999593604688], [5.0799413282418235e-08, -0.9999999999999988, 4.3140830754274083e-32, -5.500000000000008], [1.2523022233332731e-39, -2.465190328815659e-32, -1.0, -43.30127018922195], [0.0, 0.0, 0.0, 1.0]]
2026-07-14 11:05:38,479 - DEBUG - 找到旋转限制: [0.000, 0.000] rad, rest=0.000
2026-07-14 11:05:38,479 - DEBUG - 当前旋转角度: 0.000 rad
2026-07-14 11:05:38,479 - INFO - 成功提取旋转关节 旋转 3 限制信息
2026-07-14 11:05:38,479 - DEBUG - 旋转轴: Vector3D(x=-6.123234924670329e-17, y=-1.0000000000000002, z=1.8369702364754861e-16), 限制: [0.000, 0.000] rad
2026-07-14 11:05:38,479 - WARNING - 旋转限制值无效: min >= max
2026-07-14 11:05:38,479 - WARNING - 关节 旋转 3 的限制信息验证失败
2026-07-14 11:05:38,479 - INFO - 关节: 旋转 3 (类型: revolute)
2026-07-14 11:05:38,479 - DEBUG - 处理关节: 旋转 4
2026-07-14 11:05:38,479 - DEBUG - geo_one 类型: <class 'adsk.fusion.JointGeometry'>, geo_two 类型: <class 'adsk.fusion.JointGeometry'>
2026-07-14 11:05:38,479 - DEBUG - geo_one 找到 occurrence: 膝盖转动:1
2026-07-14 11:05:38,480 - DEBUG - geo_two 找到 occurrence: 膝盖传动2:1
2026-07-14 11:05:38,480 - DEBUG - 关节 旋转 4 连接信息: JointConnection(occurrence_one_name='膝盖转动:1', occurrence_one_full_path='膝盖转动:1', occurrence_one_component='膝盖转动', occurrence_two_name='膝盖传动2:1', occurrence_two_full_path='膝盖传动2:1', occurrence_two_component='膝盖传动2')
2026-07-14 11:05:38,480 - DEBUG - 获取几何实体变换矩阵，类型: <class 'adsk.fusion.JointGeometry'>
2026-07-14 11:05:38,480 - DEBUG - 从 JointGeometry 坐标系构建变换矩阵（已转换为毫米）: [[1.0, 2.9973415421292464e-32, 0.0, 12.12435565298215], [1.4881003217810032e-32, -1.0, -2.465190328815662e-32, -4.000000000000002], [1.232595164407831e-32, -2.465190328815662e-32, 1.0, 6.999999999999998], [0.0, 0.0, 0.0, 1.0]]
2026-07-14 11:05:38,480 - DEBUG - 获取几何实体变换矩阵，类型: <class 'adsk.fusion.JointGeometry'>
2026-07-14 11:05:38,480 - DEBUG - 从 JointGeometry 坐标系构建变换矩阵（已转换为毫米）: [[0.9999999999999999, -5.998707248989113e-26, 2.0679515313825692e-25, 12.124355652982096], [5.988906143149428e-26, -0.9999999999999999, 6.162975822039155e-33, -4.4999993840898505], [-2.0679515313825692e-25, -6.162975822039155e-33, 1.0, 6.999999999999945], [0.0, 0.0, 0.0, 1.0]]
2026-07-14 11:05:38,480 - DEBUG - 找到旋转限制: [-1.920, 1.222] rad, rest=0.087
2026-07-14 11:05:38,480 - DEBUG - 当前旋转角度: 0.000 rad
2026-07-14 11:05:38,481 - INFO - 成功提取旋转关节 旋转 4 限制信息
2026-07-14 11:05:38,481 - DEBUG - 旋转轴: Vector3D(x=5.079941322118588e-08, y=-0.9999999999999987, z=4.54513819780137e-17), 限制: [-1.920, 1.222] rad
2026-07-14 11:05:38,481 - INFO - 成功提取关节 旋转 4 的限制信息
2026-07-14 11:05:38,481 - DEBUG - 限制摘要: {'type': 'revolute', 'min_angle_deg': -110.0, 'max_angle_deg': 70.0, 'rest_angle_deg': 5.000000000000002, 'has_limits': True, 'current_angle_deg': 2.831646840510158e-06, 'has_axis': True}
2026-07-14 11:05:38,481 - INFO - 关节: 旋转 4 (类型: revolute)
2026-07-14 11:05:38,481 - DEBUG - 处理关节: 旋转 5
2026-07-14 11:05:38,481 - DEBUG - geo_one 类型: <class 'adsk.fusion.JointGeometry'>, geo_two 类型: <class 'adsk.fusion.JointGeometry'>
2026-07-14 11:05:38,481 - DEBUG - geo_one 找到 occurrence: 膝盖传动2:1
2026-07-14 11:05:38,481 - DEBUG - geo_two 找到 occurrence: 小腿:1
2026-07-14 11:05:38,481 - DEBUG - 关节 旋转 5 连接信息: JointConnection(occurrence_one_name='膝盖传动2:1', occurrence_one_full_path='膝盖传动2:1', occurrence_one_component='膝盖传动2', occurrence_two_name='小腿:1', occurrence_two_full_path='小腿:1', occurrence_two_component='小腿')
2026-07-14 11:05:38,482 - DEBUG - 获取几何实体变换矩阵，类型: <class 'adsk.fusion.JointGeometry'>
2026-07-14 11:05:38,482 - DEBUG - 从 JointGeometry 坐标系构建变换矩阵（已转换为毫米）: [[0.9999999999999999, 5.998707248989113e-26, -2.0679515313825692e-25, 37.12435521483714], [5.988906143149428e-26, 0.9999999999999999, -6.162975822039155e-33, -4.499998114104542], [-2.0679515313825692e-25, 6.162975822039155e-33, -1.0, -36.3012702222172], [0.0, 0.0, 0.0, 1.0]]
2026-07-14 11:05:38,482 - DEBUG - 获取几何实体变换矩阵，类型: <class 'adsk.fusion.JointGeometry'>
2026-07-14 11:05:38,482 - DEBUG - 从 JointGeometry 坐标系构建变换矩阵（已转换为毫米）: [[1.0, 6.741136387544294e-24, -4.1359030627651384e-25, 37.12435518943746], [1.2369148549974575e-25, 1.0, 4.3140830754274083e-32, -3.999998114104544], [0.0, 2.465190328815662e-32, -1.0, -36.3012702222172], [0.0, 0.0, 0.0, 1.0]]
2026-07-14 11:05:38,482 - DEBUG - 找到旋转限制: [0.000, 0.000] rad, rest=0.000
2026-07-14 11:05:38,482 - DEBUG - 当前旋转角度: 6.283 rad
2026-07-14 11:05:38,482 - INFO - 成功提取旋转关节 旋转 5 限制信息
2026-07-14 11:05:38,482 - DEBUG - 旋转轴: Vector3D(x=-5.0799413221185885e-08, y=0.9999999999999988, z=-4.5451377014930036e-17), 限制: [0.000, 0.000] rad
2026-07-14 11:05:38,482 - WARNING - 旋转限制值无效: min >= max
2026-07-14 11:05:38,482 - WARNING - 关节 旋转 5 的限制信息验证失败
2026-07-14 11:05:38,482 - INFO - 关节: 旋转 5 (类型: revolute)
2026-07-14 11:05:38,483 - DEBUG - 处理关节: 旋转 6
2026-07-14 11:05:38,483 - DEBUG - geo_one 类型: <class 'adsk.fusion.JointGeometry'>, geo_two 类型: <class 'adsk.fusion.JointGeometry'>
2026-07-14 11:05:38,483 - DEBUG - geo_one 找到 occurrence: 膝盖动力发生器:1
2026-07-14 11:05:38,483 - DEBUG - geo_two 找到 occurrence: 膝盖传动1:1
2026-07-14 11:05:38,483 - DEBUG - 关节 旋转 6 连接信息: JointConnection(occurrence_one_name='膝盖动力发生器:1', occurrence_one_full_path='膝盖动力发生器:1', occurrence_one_component='膝盖动力发生器', occurrence_two_name='膝盖传动1:1', occurrence_two_full_path='膝盖传动1:1', occurrence_two_component='膝盖传动1')
2026-07-14 11:05:38,483 - DEBUG - 获取几何实体变换矩阵，类型: <class 'adsk.fusion.JointGeometry'>
2026-07-14 11:05:38,483 - DEBUG - 从 JointGeometry 坐标系构建变换矩阵（已转换为毫米）: [[1.0, 2.6778938802048274e-34, 0.0, -21.292304845413263], [-2.6778938802048274e-34, -1.0, 0.0, -4.0], [0.0, 0.0, 1.0, 8.399999999999995], [0.0, 0.0, 0.0, 1.0]]
2026-07-14 11:05:38,483 - DEBUG - 获取几何实体变换矩阵，类型: <class 'adsk.fusion.JointGeometry'>
2026-07-14 11:05:38,483 - DEBUG - 从 JointGeometry 坐标系构建变换矩阵（已转换为毫米）: [[1.0, 9.40819103697951e-33, 0.0, -21.29230484541327], [9.40819103697951e-33, 1.0, 0.0, -4.499999999999998], [0.0, 0.0, -1.0, 8.399999999999993], [0.0, 0.0, 0.0, 1.0]]
2026-07-14 11:05:38,484 - DEBUG - 找到旋转限制: [-0.698, 1.134] rad, rest=0.000
2026-07-14 11:05:38,484 - DEBUG - 当前旋转角度: 0.000 rad
2026-07-14 11:05:38,484 - INFO - 成功提取旋转关节 旋转 6 限制信息
2026-07-14 11:05:38,484 - DEBUG - 旋转轴: Vector3D(x=1.116426746230792e-16, y=1.0, z=-2.280630033848125e-16), 限制: [-0.698, 1.134] rad
2026-07-14 11:05:38,484 - INFO - 成功提取关节 旋转 6 的限制信息
2026-07-14 11:05:38,484 - DEBUG - 限制摘要: {'type': 'revolute', 'min_angle_deg': -40.0, 'max_angle_deg': 65.0, 'rest_angle_deg': 0.0, 'has_limits': True, 'current_angle_deg': 0.0, 'has_axis': True}
2026-07-14 11:05:38,484 - INFO - 关节: 旋转 6 (类型: revolute)
2026-07-14 11:05:38,484 - DEBUG - 处理关节: 旋转 7
2026-07-14 11:05:38,484 - DEBUG - geo_one 类型: <class 'adsk.fusion.JointGeometry'>, geo_two 类型: <class 'adsk.fusion.JointGeometry'>
2026-07-14 11:05:38,484 - DEBUG - geo_one 找到 occurrence: 膝盖传动1:1
2026-07-14 11:05:38,484 - DEBUG - geo_two 找到 occurrence: 膝盖转动:1
2026-07-14 11:05:38,484 - DEBUG - 关节 旋转 7 连接信息: JointConnection(occurrence_one_name='膝盖传动1:1', occurrence_one_full_path='膝盖传动1:1', occurrence_one_component='膝盖传动1', occurrence_two_name='膝盖转动:1', occurrence_two_full_path='膝盖转动:1', occurrence_two_component='膝盖转动')
2026-07-14 11:05:38,485 - DEBUG - 获取几何实体变换矩阵，类型: <class 'adsk.fusion.JointGeometry'>
2026-07-14 11:05:38,485 - DEBUG - 从 JointGeometry 坐标系构建变换矩阵（已转换为毫米）: [[1.0, 9.40819103697951e-33, 0.0, -12.124355652982144], [9.40819103697951e-33, 1.0, 0.0, -4.500000000000003], [0.0, 0.0, -1.0, -6.9999999999999964], [0.0, 0.0, 0.0, 1.0]]
2026-07-14 11:05:38,485 - DEBUG - 获取几何实体变换矩阵，类型: <class 'adsk.fusion.JointGeometry'>
2026-07-14 11:05:38,485 - DEBUG - 从 JointGeometry 坐标系构建变换矩阵（已转换为毫米）: [[1.0, -2.9973415421292464e-32, 0.0, -12.12435565298215], [1.4881003217810032e-32, 1.0, 2.465190328815662e-32, -3.999999999999999], [1.232595164407831e-32, 2.465190328815662e-32, -1.0, -6.999999999999997], [0.0, 0.0, 0.0, 1.0]]
2026-07-14 11:05:38,485 - DEBUG - 找到旋转限制: [-2.531, 0.698] rad, rest=0.087
2026-07-14 11:05:38,485 - DEBUG - 当前旋转角度: 0.000 rad
2026-07-14 11:05:38,485 - INFO - 成功提取旋转关节 旋转 7 限制信息
2026-07-14 11:05:38,485 - DEBUG - 旋转轴: Vector3D(x=1.7234893028934173e-16, y=1.0000000000000002, z=-1.6683066347956033e-16), 限制: [-2.531, 0.698] rad
2026-07-14 11:05:38,485 - INFO - 成功提取关节 旋转 7 的限制信息
2026-07-14 11:05:38,485 - DEBUG - 限制摘要: {'type': 'revolute', 'min_angle_deg': -145.0, 'max_angle_deg': 40.0, 'rest_angle_deg': 5.000000000000001, 'has_limits': True, 'current_angle_deg': 0.0, 'has_axis': True}
2026-07-14 11:05:38,485 - INFO - 关节: 旋转 7 (类型: revolute)
2026-07-14 11:05:38,485 - INFO - 关节分析完成，共分析 8 个关节
2026-07-14 11:05:38,485 - INFO - 进度: 8/8 (100.0%) - 关节分析完成
2026-07-14 11:05:38,486 - INFO - 开始导出STL文件
2026-07-14 11:05:38,486 - INFO - 开始导出STL文件，网格质量: medium
2026-07-14 11:05:38,486 - INFO - 进度: 1/13 (7.7%) - 导出 servo_mg90s v2
2026-07-14 11:05:40,607 - INFO - STL导出成功零部件: servo_mg90s v2
2026-07-14 11:05:40,607 - INFO - 进度: 2/13 (15.4%) - 导出 servo_mg90s v2
2026-07-14 11:05:42,208 - INFO - STL导出成功零部件: servo_mg90s v2
2026-07-14 11:05:42,208 - INFO - 进度: 3/13 (23.1%) - 导出 ONE-LEG
2026-07-14 11:05:42,716 - INFO - STL导出成功零部件: ONE-LEG
2026-07-14 11:05:42,716 - INFO - 进度: 4/13 (30.8%) - 导出 膝盖传动1
2026-07-14 11:05:42,739 - INFO - STL导出成功零部件: 膝盖传动1
2026-07-14 11:05:42,739 - INFO - 进度: 5/13 (38.5%) - 导出 膝盖转动
2026-07-14 11:05:42,760 - INFO - STL导出成功零部件: 膝盖转动
2026-07-14 11:05:42,760 - INFO - 进度: 6/13 (46.2%) - 导出 膝盖传动2
2026-07-14 11:05:42,780 - INFO - STL导出成功零部件: 膝盖传动2
2026-07-14 11:05:42,780 - INFO - 进度: 7/13 (53.8%) - 导出 小腿
2026-07-14 11:05:42,797 - INFO - STL导出成功零部件: 小腿
2026-07-14 11:05:42,797 - INFO - 进度: 8/13 (61.5%) - 导出 大腿部分
2026-07-14 11:05:42,935 - INFO - STL导出成功零部件: 大腿部分
2026-07-14 11:05:42,935 - INFO - 进度: 9/13 (69.2%) - 导出 大腿主动力发生器
2026-07-14 11:05:42,987 - INFO - STL导出成功零部件: 大腿主动力发生器
2026-07-14 11:05:42,987 - INFO - 进度: 10/13 (76.9%) - 导出 小腿保持架
2026-07-14 11:05:43,035 - INFO - STL导出成功零部件: 小腿保持架
2026-07-14 11:05:43,035 - INFO - 进度: 11/13 (84.6%) - 导出 髋关节保持架
2026-07-14 11:05:43,096 - INFO - STL导出成功零部件: 髋关节保持架
2026-07-14 11:05:43,096 - INFO - 进度: 12/13 (92.3%) - 导出 大腿盖板
2026-07-14 11:05:43,111 - INFO - STL导出成功零部件: 大腿盖板
2026-07-14 11:05:43,111 - INFO - 进度: 13/13 (100.0%) - 导出 膝盖动力发生器
2026-07-14 11:05:43,156 - INFO - STL导出成功零部件: 膝盖动力发生器
2026-07-14 11:05:43,156 - INFO - STL导出完成，成功导出 13 个文件
2026-07-14 11:05:43,156 - INFO - 进度: 13/13 (100.0%) - STL文件导出完成
2026-07-14 11:05:43,156 - INFO - 开始创建导出数据
2026-07-14 11:05:43,156 - INFO - 创建元数据: 零部件数=13, 关节数=8
2026-07-14 11:05:43,156 - INFO - 开始序列化数据
2026-07-14 11:05:43,156 - INFO - 开始序列化导出数据
2026-07-14 11:05:43,156 - INFO - 保存导出数据到: /Users/maoge/Documents/JLGLMaolab/F3DMaojoco/export1/component_positions.json
2026-07-14 11:05:43,157 - INFO - 导出数据保存成功
2026-07-14 11:05:43,157 - INFO - 主要数据文件保存成功: component_positions.json
2026-07-14 11:05:43,157 - INFO - 导出描述文件保存成功: export_description.md
2026-07-14 11:05:43,157 - INFO - 数据序列化完成，文件保存在: /Users/maoge/Documents/JLGLMaolab/F3DMaojoco/export1
2026-07-14 11:05:43,157 - INFO - 开始生成分析报告
2026-07-14 11:05:43,157 - INFO - 开始分析导出结果
2026-07-14 11:05:43,158 - INFO - 导出分析完成:
2026-07-14 11:05:43,158 - INFO -   - 零部件: 13 个
2026-07-14 11:05:43,158 - INFO -   - 关节: 8 个
2026-07-14 11:05:43,158 - INFO -   - STL文件: 13 个
2026-07-14 11:05:43,158 - INFO -   - 质量分数: 95.0/100
2026-07-14 11:05:43,158 - INFO -   - 发现 1 个警告
2026-07-14 11:05:43,158 - INFO - 完成: 装配体导出 (耗时: 4.722秒)
2026-07-14 11:05:43,158 - INFO - 导出完成: 13 个零部件, 8 个关节
2026-07-14 11:05:43,158 - INFO - 导出摘要 - 零部件: 13, 关节: 8
2026-07-14 11:05:43,160 - INFO - 导出摘要已显示给用户
2026-07-14 11:05:43,160 - INFO - 导出完成: 13 个零部件, 8 个关节
2026-07-14 11:05:43,160 - INFO - 完成: F3DMaojoco导出 (耗时: 4.724秒)
2026-07-14 11:05:43,160 - INFO - 装配体导出完成
