2026-07-15 11:32:00,078 - INFO - 日志系统启动 - 输出目录: /Users/maoge/Documents/JLGLMaolab/F3DMaojoco/exports/e4
2026-07-15 11:32:00,079 - INFO - 开始: F3DMaojoco导出
2026-07-15 11:32:00,079 - INFO - 备份创建成功
2026-07-15 11:32:00,079 - INFO - 开始导出装配体
2026-07-15 11:32:00,079 - INFO - 开始: 装配体导出
2026-07-15 11:32:00,081 - INFO - 开始收集零部件信息
2026-07-15 11:32:00,081 - INFO - 开始收集零部件信息
2026-07-15 11:32:00,084 - INFO - 收集零部件: 用于绘制腿部结构的舵机组 v7
2026-07-15 11:32:00,089 - DEBUG - 变换矩阵 - servo_mg90s v2_world: Transform4D
2026-07-15 11:32:00,089 - DEBUG - servo_mg90s v2: 装配体路径 = 用于绘制腿部结构的舵机组 v7/servo_mg90s v2:2
2026-07-15 11:32:00,089 - DEBUG - servo_mg90s v2: 有子零部件 = False
2026-07-15 11:32:00,089 - INFO - 创建零部件: servo_mg90s v2
2026-07-15 11:32:00,089 - DEBUG - 变换矩阵 - servo_mg90s v2_world: Transform4D
2026-07-15 11:32:00,089 - DEBUG - servo_mg90s v2: 装配体路径 = 用于绘制腿部结构的舵机组 v7/servo_mg90s v2:3
2026-07-15 11:32:00,089 - DEBUG - servo_mg90s v2: 有子零部件 = False
2026-07-15 11:32:00,089 - INFO - 创建零部件: servo_mg90s v2
2026-07-15 11:32:00,090 - DEBUG - 变换矩阵 - ONE-LEG_world: Transform4D
2026-07-15 11:32:00,090 - DEBUG - ONE-LEG: 装配体路径 = 用于绘制腿部结构的舵机组 v7/ONE-LEG:1
2026-07-15 11:32:00,090 - DEBUG - ONE-LEG: 有子零部件 = True
2026-07-15 11:32:00,093 - WARNING - 碰撞体 COL_小腿传动 未找到圆柱面，跳过
2026-07-15 11:32:00,093 - WARNING - 碰撞体 COL_膝盖动力连接 未找到圆柱面，跳过
2026-07-15 11:32:00,093 - WARNING - 碰撞体 COL_小腿连接 未找到圆柱面，跳过
2026-07-15 11:32:00,093 - WARNING - 碰撞体 COL_圆柱实体组 未找到圆柱面，跳过
2026-07-15 11:32:00,093 - WARNING - 碰撞体 COL_膝盖动力发生 未找到圆柱面，跳过
2026-07-15 11:32:00,094 - INFO - 创建零部件: ONE-LEG
2026-07-15 11:32:00,094 - DEBUG - 变换矩阵 - 膝盖传动1_world: Transform4D
2026-07-15 11:32:00,094 - DEBUG - 膝盖传动1: 装配体路径 = 用于绘制腿部结构的舵机组 v7/ONE-LEG:1/膝盖传动1:1
2026-07-15 11:32:00,094 - DEBUG - 膝盖传动1: 有子零部件 = True
2026-07-15 11:32:00,094 - WARNING - 碰撞体 COL_小腿传动 未找到圆柱面，跳过
2026-07-15 11:32:00,094 - INFO - 创建零部件: 膝盖传动1
2026-07-15 11:32:00,094 - DEBUG - 跳过碰撞体 occurrence: COL_小腿传动:1
2026-07-15 11:32:00,094 - DEBUG - 变换矩阵 - 膝盖转动_world: Transform4D
2026-07-15 11:32:00,094 - DEBUG - 膝盖转动: 装配体路径 = 用于绘制腿部结构的舵机组 v7/ONE-LEG:1/膝盖转动:1
2026-07-15 11:32:00,094 - DEBUG - 膝盖转动: 有子零部件 = True
2026-07-15 11:32:00,094 - WARNING - 碰撞体 COL_膝盖动力连接 未找到圆柱面，跳过
2026-07-15 11:32:00,094 - INFO - 创建零部件: 膝盖转动
2026-07-15 11:32:00,094 - DEBUG - 跳过碰撞体 occurrence: COL_膝盖动力连接:1
2026-07-15 11:32:00,094 - DEBUG - 变换矩阵 - 膝盖传动2_world: Transform4D
2026-07-15 11:32:00,094 - DEBUG - 膝盖传动2: 装配体路径 = 用于绘制腿部结构的舵机组 v7/ONE-LEG:1/膝盖传动2:1
2026-07-15 11:32:00,094 - DEBUG - 膝盖传动2: 有子零部件 = False
2026-07-15 11:32:00,094 - INFO - 创建零部件: 膝盖传动2
2026-07-15 11:32:00,094 - DEBUG - 变换矩阵 - 小腿_world: Transform4D
2026-07-15 11:32:00,094 - DEBUG - 小腿: 装配体路径 = 用于绘制腿部结构的舵机组 v7/ONE-LEG:1/小腿:1
2026-07-15 11:32:00,094 - DEBUG - 小腿: 有子零部件 = True
2026-07-15 11:32:00,094 - WARNING - 碰撞体 COL_小腿连接 未找到圆柱面，跳过
2026-07-15 11:32:00,094 - INFO - 创建零部件: 小腿
2026-07-15 11:32:00,094 - DEBUG - 跳过碰撞体 occurrence: COL_小腿连接:1
2026-07-15 11:32:00,094 - DEBUG - 变换矩阵 - 大腿部分_world: Transform4D
2026-07-15 11:32:00,094 - DEBUG - 大腿部分: 装配体路径 = 用于绘制腿部结构的舵机组 v7/ONE-LEG:1/大腿部分:1
2026-07-15 11:32:00,094 - DEBUG - 大腿部分: 有子零部件 = True
2026-07-15 11:32:00,094 - WARNING - 碰撞体 COL_圆柱实体组 未找到圆柱面，跳过
2026-07-15 11:32:00,094 - INFO - 创建零部件: 大腿部分
2026-07-15 11:32:00,094 - DEBUG - 变换矩阵 - 大腿主动力发生器_world: Transform4D
2026-07-15 11:32:00,095 - DEBUG - 大腿主动力发生器: 装配体路径 = 用于绘制腿部结构的舵机组 v7/ONE-LEG:1/大腿部分:1/大腿主动力发生器:1
2026-07-15 11:32:00,095 - DEBUG - 大腿主动力发生器: 有子零部件 = False
2026-07-15 11:32:00,095 - INFO - 创建零部件: 大腿主动力发生器
2026-07-15 11:32:00,095 - DEBUG - 变换矩阵 - 小腿保持架_world: Transform4D
2026-07-15 11:32:00,095 - DEBUG - 小腿保持架: 装配体路径 = 用于绘制腿部结构的舵机组 v7/ONE-LEG:1/大腿部分:1/小腿保持架:1
2026-07-15 11:32:00,095 - DEBUG - 小腿保持架: 有子零部件 = False
2026-07-15 11:32:00,095 - INFO - 创建零部件: 小腿保持架
2026-07-15 11:32:00,095 - DEBUG - 变换矩阵 - 髋关节保持架_world: Transform4D
2026-07-15 11:32:00,095 - DEBUG - 髋关节保持架: 装配体路径 = 用于绘制腿部结构的舵机组 v7/ONE-LEG:1/大腿部分:1/髋关节保持架:1
2026-07-15 11:32:00,095 - DEBUG - 髋关节保持架: 有子零部件 = False
2026-07-15 11:32:00,095 - INFO - 创建零部件: 髋关节保持架
2026-07-15 11:32:00,095 - DEBUG - 变换矩阵 - 大腿盖板_world: Transform4D
2026-07-15 11:32:00,095 - DEBUG - 大腿盖板: 装配体路径 = 用于绘制腿部结构的舵机组 v7/ONE-LEG:1/大腿部分:1/大腿盖板:1
2026-07-15 11:32:00,095 - DEBUG - 大腿盖板: 有子零部件 = False
2026-07-15 11:32:00,095 - INFO - 创建零部件: 大腿盖板
2026-07-15 11:32:00,095 - DEBUG - 跳过碰撞体 occurrence: COL_圆柱实体组:1
2026-07-15 11:32:00,095 - DEBUG - 变换矩阵 - 膝盖动力发生器_world: Transform4D
2026-07-15 11:32:00,095 - DEBUG - 膝盖动力发生器: 装配体路径 = 用于绘制腿部结构的舵机组 v7/ONE-LEG:1/膝盖动力发生器:1
2026-07-15 11:32:00,095 - DEBUG - 膝盖动力发生器: 有子零部件 = True
2026-07-15 11:32:00,095 - WARNING - 碰撞体 COL_膝盖动力发生 未找到圆柱面，跳过
2026-07-15 11:32:00,095 - INFO - 创建零部件: 膝盖动力发生器
2026-07-15 11:32:00,095 - DEBUG - 跳过碰撞体 occurrence: COL_膝盖动力发生:1
2026-07-15 11:32:00,095 - DEBUG - 变换矩阵 - COL_world: Transform4D
2026-07-15 11:32:00,095 - DEBUG - COL: 装配体路径 = 用于绘制腿部结构的舵机组 v7/ONE-LEG:1/COL:1
2026-07-15 11:32:00,095 - DEBUG - COL: 有子零部件 = False
2026-07-15 11:32:00,095 - INFO - 创建零部件: COL
2026-07-15 11:32:00,096 - INFO - 收集零部件: servo_mg90s v2
2026-07-15 11:32:00,096 - INFO - 收集零部件: servo_mg90s v2
2026-07-15 11:32:00,096 - INFO - 零部件收集完成，共收集 14 个零部件
2026-07-15 11:32:00,096 - INFO - 进度: 14/14 (100.0%) - 零部件收集完成
2026-07-15 11:32:00,096 - INFO - 开始分析关节信息
2026-07-15 11:32:00,096 - INFO - 开始分析关节信息
2026-07-15 11:32:00,118 - DEBUG - 处理关节: 旋转 1
2026-07-15 11:32:00,118 - DEBUG - geo_one 类型: <class 'adsk.fusion.JointGeometry'>, geo_two 类型: <class 'adsk.fusion.JointGeometry'>
2026-07-15 11:32:00,119 - DEBUG - geo_one 找到 occurrence: 膝盖动力发生器:1
2026-07-15 11:32:00,119 - DEBUG - geo_two 找到 occurrence: servo_mg90s v2:2
2026-07-15 11:32:00,119 - DEBUG - 关节 旋转 1 连接信息: JointConnection(occurrence_one_name='膝盖动力发生器:1', occurrence_one_full_path='膝盖动力发生器:1', occurrence_one_component='膝盖动力发生器', occurrence_two_name='servo_mg90s v2:2', occurrence_two_full_path='servo_mg90s v2:2', occurrence_two_component='servo_mg90s v2')
2026-07-15 11:32:00,119 - DEBUG - 获取几何实体变换矩阵，类型: <class 'adsk.fusion.JointGeometry'>
2026-07-15 11:32:00,120 - DEBUG - 从 JointGeometry 坐标系构建变换矩阵（已转换为毫米）: [[1.0, 1.110223024625161e-16, 0.0, -10.900000000000007], [0.0, 1.0, -2.44929349141908e-16, 3.000000000000001], [0.0, -2.44929349141908e-16, -1.0, 14.399999999999999], [0.0, 0.0, 0.0, 1.0]]
2026-07-15 11:32:00,121 - DEBUG - 获取几何实体变换矩阵，类型: <class 'adsk.fusion.JointGeometry'>
2026-07-15 11:32:00,121 - DEBUG - 从 JointGeometry 坐标系构建变换矩阵（已转换为毫米）: [[1.0, -1.2246467991473537e-16, -3.944304526105059e-31, -10.9], [4.930380657631324e-32, 1.0, 8.721036339266858e-33, 3.500000000000001], [-3.944304526105059e-31, 1.922556626864841e-33, -1.0, 14.399999999999993], [0.0, 0.0, 0.0, 1.0]]
2026-07-15 11:32:00,122 - DEBUG - 找到旋转限制: [0.000, 0.000] rad, rest=0.000
2026-07-15 11:32:00,122 - DEBUG - 当前旋转角度: 0.000 rad
2026-07-15 11:32:00,122 - INFO - 成功提取旋转关节 旋转 1 限制信息
2026-07-15 11:32:00,122 - DEBUG - 旋转轴: Vector3D(x=1.1102230246251595e-16, y=1.0, z=-1.224646799147355e-16), 限制: [0.000, 0.000] rad
2026-07-15 11:32:00,122 - WARNING - 旋转限制值无效: min >= max
2026-07-15 11:32:00,122 - WARNING - 关节 旋转 1 的限制信息验证失败
2026-07-15 11:32:00,122 - INFO - 关节: 旋转 1 (类型: revolute)
2026-07-15 11:32:00,123 - DEBUG - 处理关节: 旋转 2
2026-07-15 11:32:00,123 - DEBUG - geo_one 类型: <class 'adsk.fusion.JointGeometry'>, geo_two 类型: <class 'adsk.fusion.JointGeometry'>
2026-07-15 11:32:00,123 - DEBUG - geo_one 找到 occurrence: 大腿主动力发生器:1
2026-07-15 11:32:00,123 - DEBUG - geo_two 找到 occurrence: servo_mg90s v2:2
2026-07-15 11:32:00,123 - DEBUG - 关节 旋转 2 连接信息: JointConnection(occurrence_one_name='大腿主动力发生器:1', occurrence_one_full_path='大腿主动力发生器:1', occurrence_one_component='大腿主动力发生器', occurrence_two_name='servo_mg90s v2:2', occurrence_two_full_path='servo_mg90s v2:2', occurrence_two_component='servo_mg90s v2')
2026-07-15 11:32:00,123 - DEBUG - 获取几何实体变换矩阵，类型: <class 'adsk.fusion.JointGeometry'>
2026-07-15 11:32:00,123 - DEBUG - 从 JointGeometry 坐标系构建变换矩阵（已转换为毫米）: [[1.0, 0.0, 0.0, 0.0], [0.0, -1.0, 0.0, 3.0000000000000004], [0.0, 0.0, 1.0, 0.0], [0.0, 0.0, 0.0, 1.0]]
2026-07-15 11:32:00,124 - DEBUG - 获取几何实体变换矩阵，类型: <class 'adsk.fusion.JointGeometry'>
2026-07-15 11:32:00,124 - DEBUG - 从 JointGeometry 坐标系构建变换矩阵（已转换为毫米）: [[1.0, -1.2246467991473532e-16, 0.0, -9.817843340120827e-32], [-2.7369110631344083e-48, 1.0, -2.5407181807811912e-33, 3.5000000000000004], [0.0, -2.5407181807811967e-33, -1.0, -4.2862637970157386e-16], [0.0, 0.0, 0.0, 1.0]]
2026-07-15 11:32:00,124 - DEBUG - 找到旋转限制: [0.000, 0.000] rad, rest=0.000
2026-07-15 11:32:00,124 - DEBUG - 当前旋转角度: 0.000 rad
2026-07-15 11:32:00,124 - INFO - 成功提取旋转关节 旋转 2 限制信息
2026-07-15 11:32:00,124 - DEBUG - 旋转轴: Vector3D(x=-3.059169915255499e-32, y=1.0, z=-1.2246467991473537e-16), 限制: [0.000, 0.000] rad
2026-07-15 11:32:00,124 - WARNING - 旋转限制值无效: min >= max
2026-07-15 11:32:00,124 - WARNING - 关节 旋转 2 的限制信息验证失败
2026-07-15 11:32:00,124 - INFO - 关节: 旋转 2 (类型: revolute)
2026-07-15 11:32:00,126 - DEBUG - 处理关节: 旋转 2
2026-07-15 11:32:00,126 - DEBUG - geo_one 类型: <class 'adsk.fusion.JointGeometry'>, geo_two 类型: <class 'adsk.fusion.JointGeometry'>
2026-07-15 11:32:00,126 - DEBUG - geo_one 找到 occurrence: 膝盖转动:1
2026-07-15 11:32:00,126 - DEBUG - geo_two 找到 occurrence: 大腿主动力发生器:1
2026-07-15 11:32:00,126 - DEBUG - 关节 旋转 2 连接信息: JointConnection(occurrence_one_name='膝盖转动:1', occurrence_one_full_path='膝盖转动:1', occurrence_one_component='膝盖转动', occurrence_two_name='大腿主动力发生器:1', occurrence_two_full_path='大腿主动力发生器:1', occurrence_two_component='大腿主动力发生器')
2026-07-15 11:32:00,126 - DEBUG - 获取几何实体变换矩阵，类型: <class 'adsk.fusion.JointGeometry'>
2026-07-15 11:32:00,126 - DEBUG - 从 JointGeometry 坐标系构建变换矩阵（已转换为毫米）: [[1.0, 0.0, 0.0, 0.0], [0.0, -1.0, 0.0, -1.0000000000000013], [0.0, 0.0, 1.0, 0.0], [0.0, 0.0, 0.0, 1.0]]
2026-07-15 11:32:00,127 - DEBUG - 获取几何实体变换矩阵，类型: <class 'adsk.fusion.JointGeometry'>
2026-07-15 11:32:00,127 - DEBUG - 从 JointGeometry 坐标系构建变换矩阵（已转换为毫米）: [[1.0, 0.0, 0.0, 0.0], [0.0, -1.0, 0.0, -1.1102230246251565e-15], [0.0, 0.0, 1.0, 0.0], [0.0, 0.0, 0.0, 1.0]]
2026-07-15 11:32:00,127 - DEBUG - 找到旋转限制: [0.000, 0.000] rad, rest=0.000
2026-07-15 11:32:00,127 - DEBUG - 当前旋转角度: 0.000 rad
2026-07-15 11:32:00,127 - INFO - 成功提取旋转关节 旋转 2 限制信息
2026-07-15 11:32:00,127 - DEBUG - 旋转轴: Vector3D(x=0.0, y=-1.0, z=0.0), 限制: [0.000, 0.000] rad
2026-07-15 11:32:00,127 - WARNING - 旋转限制值无效: min >= max
2026-07-15 11:32:00,127 - WARNING - 关节 旋转 2 的限制信息验证失败
2026-07-15 11:32:00,127 - INFO - 关节: 旋转 2 (类型: revolute)
2026-07-15 11:32:00,128 - DEBUG - 处理关节: 旋转 3
2026-07-15 11:32:00,128 - DEBUG - geo_one 类型: <class 'adsk.fusion.JointGeometry'>, geo_two 类型: <class 'adsk.fusion.JointGeometry'>
2026-07-15 11:32:00,128 - DEBUG - geo_one 找到 occurrence: 大腿主动力发生器:1
2026-07-15 11:32:00,128 - DEBUG - geo_two 找到 occurrence: 小腿:1
2026-07-15 11:32:00,128 - DEBUG - 关节 旋转 3 连接信息: JointConnection(occurrence_one_name='大腿主动力发生器:1', occurrence_one_full_path='大腿主动力发生器:1', occurrence_one_component='大腿主动力发生器', occurrence_two_name='小腿:1', occurrence_two_full_path='小腿:1', occurrence_two_component='小腿')
2026-07-15 11:32:00,128 - DEBUG - 获取几何实体变换矩阵，类型: <class 'adsk.fusion.JointGeometry'>
2026-07-15 11:32:00,128 - DEBUG - 从 JointGeometry 坐标系构建变换矩阵（已转换为毫米）: [[1.0, 0.0, 0.0, 24.999999593604684], [0.0, 1.0, 0.0, -6.000000000000001], [0.0, 0.0, -1.0, -43.30127018922194], [0.0, 0.0, 0.0, 1.0]]
2026-07-15 11:32:00,129 - DEBUG - 获取几何实体变换矩阵，类型: <class 'adsk.fusion.JointGeometry'>
2026-07-15 11:32:00,129 - DEBUG - 从 JointGeometry 坐标系构建变换矩阵（已转换为毫米）: [[-0.9999999999999988, -5.079941328241823e-08, 0.0, 24.999999593610262], [5.0799413282418235e-08, -0.9999999999999988, 1.232595164407831e-32, -5.5000000000000195], [9.392266674999547e-40, -1.8488927466117442e-32, -1.0, -43.30127018921872], [0.0, 0.0, 0.0, 1.0]]
2026-07-15 11:32:00,129 - DEBUG - 找到旋转限制: [0.000, 0.000] rad, rest=0.000
2026-07-15 11:32:00,129 - DEBUG - 当前旋转角度: 0.000 rad
2026-07-15 11:32:00,129 - INFO - 成功提取旋转关节 旋转 3 限制信息
2026-07-15 11:32:00,129 - DEBUG - 旋转轴: Vector3D(x=-3.254023643281939e-16, y=-1.0000000000000004, z=1.8369702053174592e-16), 限制: [0.000, 0.000] rad
2026-07-15 11:32:00,129 - WARNING - 旋转限制值无效: min >= max
2026-07-15 11:32:00,129 - WARNING - 关节 旋转 3 的限制信息验证失败
2026-07-15 11:32:00,129 - INFO - 关节: 旋转 3 (类型: revolute)
2026-07-15 11:32:00,130 - DEBUG - 处理关节: 旋转 4
2026-07-15 11:32:00,130 - DEBUG - geo_one 类型: <class 'adsk.fusion.JointGeometry'>, geo_two 类型: <class 'adsk.fusion.JointGeometry'>
2026-07-15 11:32:00,130 - DEBUG - geo_one 找到 occurrence: 膝盖转动:1
2026-07-15 11:32:00,130 - DEBUG - geo_two 找到 occurrence: 膝盖传动2:1
2026-07-15 11:32:00,130 - DEBUG - 关节 旋转 4 连接信息: JointConnection(occurrence_one_name='膝盖转动:1', occurrence_one_full_path='膝盖转动:1', occurrence_one_component='膝盖转动', occurrence_two_name='膝盖传动2:1', occurrence_two_full_path='膝盖传动2:1', occurrence_two_component='膝盖传动2')
2026-07-15 11:32:00,130 - DEBUG - 获取几何实体变换矩阵，类型: <class 'adsk.fusion.JointGeometry'>
2026-07-15 11:32:00,130 - DEBUG - 从 JointGeometry 坐标系构建变换矩阵（已转换为毫米）: [[1.0, 0.0, 0.0, 12.124355652982146], [0.0, -1.0, 0.0, -4.0], [0.0, 0.0, 1.0, 6.999999999999997], [0.0, 0.0, 0.0, 1.0]]
2026-07-15 11:32:00,130 - DEBUG - 获取几何实体变换矩阵，类型: <class 'adsk.fusion.JointGeometry'>
2026-07-15 11:32:00,130 - DEBUG - 从 JointGeometry 坐标系构建变换矩阵（已转换为毫米）: [[1.0, -5.999000866580277e-26, 0.0, 12.12435565298117], [5.889827473806316e-26, -1.0, 6.162975822039155e-33, -4.499999384089859], [0.0, 0.0, 1.0, 7.0000000000015525], [0.0, 0.0, 0.0, 1.0]]
2026-07-15 11:32:00,131 - DEBUG - 找到旋转限制: [-1.920, 1.222] rad, rest=0.087
2026-07-15 11:32:00,131 - DEBUG - 当前旋转角度: 0.000 rad
2026-07-15 11:32:00,131 - INFO - 成功提取旋转关节 旋转 4 限制信息
2026-07-15 11:32:00,131 - DEBUG - 旋转轴: Vector3D(x=5.0799412957015864e-08, y=-0.999999999999999, z=4.5458032502976415e-17), 限制: [-1.920, 1.222] rad
2026-07-15 11:32:00,131 - INFO - 成功提取关节 旋转 4 的限制信息
2026-07-15 11:32:00,131 - DEBUG - 限制摘要: {'type': 'revolute', 'min_angle_deg': -110.0, 'max_angle_deg': 70.0, 'rest_angle_deg': 5.000000000000002, 'has_limits': True, 'current_angle_deg': 2.831646840510158e-06, 'has_axis': True}
2026-07-15 11:32:00,131 - INFO - 关节: 旋转 4 (类型: revolute)
2026-07-15 11:32:00,131 - DEBUG - 处理关节: 旋转 5
2026-07-15 11:32:00,131 - DEBUG - geo_one 类型: <class 'adsk.fusion.JointGeometry'>, geo_two 类型: <class 'adsk.fusion.JointGeometry'>
2026-07-15 11:32:00,132 - DEBUG - geo_one 找到 occurrence: 膝盖传动2:1
2026-07-15 11:32:00,132 - DEBUG - geo_two 找到 occurrence: 小腿:1
2026-07-15 11:32:00,132 - DEBUG - 关节 旋转 5 连接信息: JointConnection(occurrence_one_name='膝盖传动2:1', occurrence_one_full_path='膝盖传动2:1', occurrence_one_component='膝盖传动2', occurrence_two_name='小腿:1', occurrence_two_full_path='小腿:1', occurrence_two_component='小腿')
2026-07-15 11:32:00,132 - DEBUG - 获取几何实体变换矩阵，类型: <class 'adsk.fusion.JointGeometry'>
2026-07-15 11:32:00,132 - DEBUG - 从 JointGeometry 坐标系构建变换矩阵（已转换为毫米）: [[1.0, 5.999000866580277e-26, 0.0, 37.12435521484179], [5.889827473806316e-26, 1.0, -6.162975822039155e-33, -4.499998114104558], [0.0, 0.0, -1.0, -36.30127022221239], [0.0, 0.0, 0.0, 1.0]]
2026-07-15 11:32:00,132 - DEBUG - 获取几何实体变换矩阵，类型: <class 'adsk.fusion.JointGeometry'>
2026-07-15 11:32:00,132 - DEBUG - 从 JointGeometry 坐标系构建变换矩阵（已转换为毫米）: [[1.0, -6.4937412201049016e-24, 0.0, 37.124355189442106], [1.2370366879196048e-25, 1.0, 1.232595164407831e-32, -3.9999981141045593], [0.0, 1.8488927466117464e-32, -1.0, -36.30127022221237], [0.0, 0.0, 0.0, 1.0]]
2026-07-15 11:32:00,133 - DEBUG - 找到旋转限制: [0.000, 0.000] rad, rest=0.000
2026-07-15 11:32:00,133 - DEBUG - 当前旋转角度: 0.000 rad
2026-07-15 11:32:00,133 - INFO - 成功提取旋转关节 旋转 5 限制信息
2026-07-15 11:32:00,133 - DEBUG - 旋转轴: Vector3D(x=-5.0799412957015864e-08, y=0.999999999999999, z=-4.5458052355311116e-17), 限制: [0.000, 0.000] rad
2026-07-15 11:32:00,133 - WARNING - 旋转限制值无效: min >= max
2026-07-15 11:32:00,133 - WARNING - 关节 旋转 5 的限制信息验证失败
2026-07-15 11:32:00,133 - INFO - 关节: 旋转 5 (类型: revolute)
2026-07-15 11:32:00,133 - DEBUG - 处理关节: 旋转 6
2026-07-15 11:32:00,133 - DEBUG - geo_one 类型: <class 'adsk.fusion.JointGeometry'>, geo_two 类型: <class 'adsk.fusion.JointGeometry'>
2026-07-15 11:32:00,134 - DEBUG - geo_one 找到 occurrence: 膝盖动力发生器:1
2026-07-15 11:32:00,134 - DEBUG - geo_two 找到 occurrence: 膝盖传动1:1
2026-07-15 11:32:00,134 - DEBUG - 关节 旋转 6 连接信息: JointConnection(occurrence_one_name='膝盖动力发生器:1', occurrence_one_full_path='膝盖动力发生器:1', occurrence_one_component='膝盖动力发生器', occurrence_two_name='膝盖传动1:1', occurrence_two_full_path='膝盖传动1:1', occurrence_two_component='膝盖传动1')
2026-07-15 11:32:00,134 - DEBUG - 获取几何实体变换矩阵，类型: <class 'adsk.fusion.JointGeometry'>
2026-07-15 11:32:00,134 - DEBUG - 从 JointGeometry 坐标系构建变换矩阵（已转换为毫米）: [[1.0, 0.0, 0.0, -21.29230484541327], [0.0, -1.0, 0.0, -4.000000000000002], [0.0, 0.0, 1.0, 8.399999999999991], [0.0, 0.0, 0.0, 1.0]]
2026-07-15 11:32:00,134 - DEBUG - 获取几何实体变换矩阵，类型: <class 'adsk.fusion.JointGeometry'>
2026-07-15 11:32:00,134 - DEBUG - 从 JointGeometry 坐标系构建变换矩阵（已转换为毫米）: [[1.0, 0.0, 0.0, -21.29230484541327], [0.0, 1.0, 0.0, -4.5], [0.0, 0.0, -1.0, 8.39999999999999], [0.0, 0.0, 0.0, 1.0]]
2026-07-15 11:32:00,135 - DEBUG - 找到旋转限制: [-0.698, 1.134] rad, rest=0.000
2026-07-15 11:32:00,135 - DEBUG - 当前旋转角度: 0.000 rad
2026-07-15 11:32:00,135 - INFO - 成功提取旋转关节 旋转 6 限制信息
2026-07-15 11:32:00,135 - DEBUG - 旋转轴: Vector3D(x=0.0, y=1.0, z=0.0), 限制: [-0.698, 1.134] rad
2026-07-15 11:32:00,135 - INFO - 成功提取关节 旋转 6 的限制信息
2026-07-15 11:32:00,135 - DEBUG - 限制摘要: {'type': 'revolute', 'min_angle_deg': -40.0, 'max_angle_deg': 65.0, 'rest_angle_deg': 0.0, 'has_limits': True, 'current_angle_deg': 0.0, 'has_axis': True}
2026-07-15 11:32:00,135 - INFO - 关节: 旋转 6 (类型: revolute)
2026-07-15 11:32:00,135 - DEBUG - 处理关节: 旋转 7
2026-07-15 11:32:00,135 - DEBUG - geo_one 类型: <class 'adsk.fusion.JointGeometry'>, geo_two 类型: <class 'adsk.fusion.JointGeometry'>
2026-07-15 11:32:00,135 - DEBUG - geo_one 找到 occurrence: 膝盖传动1:1
2026-07-15 11:32:00,135 - DEBUG - geo_two 找到 occurrence: 膝盖转动:1
2026-07-15 11:32:00,135 - DEBUG - 关节 旋转 7 连接信息: JointConnection(occurrence_one_name='膝盖传动1:1', occurrence_one_full_path='膝盖传动1:1', occurrence_one_component='膝盖传动1', occurrence_two_name='膝盖转动:1', occurrence_two_full_path='膝盖转动:1', occurrence_two_component='膝盖转动')
2026-07-15 11:32:00,136 - DEBUG - 获取几何实体变换矩阵，类型: <class 'adsk.fusion.JointGeometry'>
2026-07-15 11:32:00,136 - DEBUG - 从 JointGeometry 坐标系构建变换矩阵（已转换为毫米）: [[1.0, 0.0, 0.0, -12.124355652982146], [0.0, 1.0, 0.0, -4.5], [0.0, 0.0, -1.0, -6.999999999999998], [0.0, 0.0, 0.0, 1.0]]
2026-07-15 11:32:00,136 - DEBUG - 获取几何实体变换矩阵，类型: <class 'adsk.fusion.JointGeometry'>
2026-07-15 11:32:00,136 - DEBUG - 从 JointGeometry 坐标系构建变换矩阵（已转换为毫米）: [[1.0, 0.0, 0.0, -12.124355652982146], [0.0, 1.0, 0.0, -4.0], [0.0, 0.0, -1.0, -6.999999999999998], [0.0, 0.0, 0.0, 1.0]]
2026-07-15 11:32:00,136 - DEBUG - 找到旋转限制: [-2.531, 0.698] rad, rest=0.087
2026-07-15 11:32:00,136 - DEBUG - 当前旋转角度: 0.000 rad
2026-07-15 11:32:00,136 - INFO - 成功提取旋转关节 旋转 7 限制信息
2026-07-15 11:32:00,136 - DEBUG - 旋转轴: Vector3D(x=0.0, y=1.0, z=0.0), 限制: [-2.531, 0.698] rad
2026-07-15 11:32:00,136 - INFO - 成功提取关节 旋转 7 的限制信息
2026-07-15 11:32:00,136 - DEBUG - 限制摘要: {'type': 'revolute', 'min_angle_deg': -145.0, 'max_angle_deg': 40.0, 'rest_angle_deg': 5.000000000000001, 'has_limits': True, 'current_angle_deg': 0.0, 'has_axis': True}
2026-07-15 11:32:00,136 - INFO - 关节: 旋转 7 (类型: revolute)
2026-07-15 11:32:00,137 - INFO - 关节分析完成，共分析 8 个关节
2026-07-15 11:32:00,137 - INFO - 进度: 8/8 (100.0%) - 关节分析完成
2026-07-15 11:32:00,137 - INFO - 开始导出STL文件
2026-07-15 11:32:00,137 - INFO - 开始导出STL文件，网格质量: medium
2026-07-15 11:32:00,137 - INFO - 进度: 1/14 (7.1%) - 导出 servo_mg90s v2
2026-07-15 11:32:00,755 - INFO - STL导出成功零部件: servo_mg90s v2
2026-07-15 11:32:00,755 - INFO - 进度: 2/14 (14.3%) - 导出 servo_mg90s v2
2026-07-15 11:32:01,254 - INFO - STL导出成功零部件: servo_mg90s v2
2026-07-15 11:32:01,254 - INFO - 进度: 3/14 (21.4%) - 导出 ONE-LEG
2026-07-15 11:32:01,768 - INFO - STL导出成功零部件: ONE-LEG
2026-07-15 11:32:01,768 - INFO - 进度: 4/14 (28.6%) - 导出 膝盖传动1
2026-07-15 11:32:01,795 - INFO - STL导出成功零部件: 膝盖传动1
2026-07-15 11:32:01,795 - INFO - 进度: 5/14 (35.7%) - 导出 膝盖转动
2026-07-15 11:32:01,820 - INFO - STL导出成功零部件: 膝盖转动
2026-07-15 11:32:01,820 - INFO - 进度: 6/14 (42.9%) - 导出 膝盖传动2
2026-07-15 11:32:01,840 - INFO - STL导出成功零部件: 膝盖传动2
2026-07-15 11:32:01,840 - INFO - 进度: 7/14 (50.0%) - 导出 小腿
2026-07-15 11:32:01,863 - INFO - STL导出成功零部件: 小腿
2026-07-15 11:32:01,863 - INFO - 进度: 8/14 (57.1%) - 导出 大腿部分
2026-07-15 11:32:02,004 - INFO - STL导出成功零部件: 大腿部分
2026-07-15 11:32:02,004 - INFO - 进度: 9/14 (64.3%) - 导出 大腿主动力发生器
2026-07-15 11:32:02,052 - INFO - STL导出成功零部件: 大腿主动力发生器
2026-07-15 11:32:02,052 - INFO - 进度: 10/14 (71.4%) - 导出 小腿保持架
2026-07-15 11:32:02,094 - INFO - STL导出成功零部件: 小腿保持架
2026-07-15 11:32:02,094 - INFO - 进度: 11/14 (78.6%) - 导出 髋关节保持架
2026-07-15 11:32:02,150 - INFO - STL导出成功零部件: 髋关节保持架
2026-07-15 11:32:02,150 - INFO - 进度: 12/14 (85.7%) - 导出 大腿盖板
2026-07-15 11:32:02,165 - INFO - STL导出成功零部件: 大腿盖板
2026-07-15 11:32:02,165 - INFO - 进度: 13/14 (92.9%) - 导出 膝盖动力发生器
2026-07-15 11:32:02,215 - INFO - STL导出成功零部件: 膝盖动力发生器
2026-07-15 11:32:02,215 - INFO - 进度: 14/14 (100.0%) - 导出 COL
2026-07-15 11:32:02,242 - ERROR - 错误 - 导出单个零部件 COL: 3 : invalid geometry
Traceback (most recent call last):
  File "/Users/maoge/Documents/JLGLMaolab/F3DMaojoco/F3DMaojocoScripts/inf3d/stl_exporter.py", line 130, in _export_single_component
    stl_options = export_manager.createSTLExportOptions(fusion_component, stl_filepath)
  File "/Users/maoge/Library/Application Support/Autodesk/webdeploy/production/024afa2ce08cf97ff9cbfaea218f7e832e39fbe4/Autodesk Fusion.app/Contents/Api/Python/packages/adsk/fusion.py", line 32959, in createSTLExportOptions
    return _fusion.ExportManager_createSTLExportOptions(self, *args)
           ~~~~~~~~~~~~~~~~~~~~~~~~~~~~~~~~~~~~~~~~~~~~^^^^^^^^^^^^^
RuntimeError: 3 : invalid geometry
2026-07-15 11:32:02,250 - INFO - STL导出失败零部件: COL
2026-07-15 11:32:02,250 - INFO - STL导出完成，成功导出 13 个文件
2026-07-15 11:32:02,250 - INFO - 进度: 13/14 (92.9%) - STL文件导出完成
2026-07-15 11:32:02,250 - INFO - 开始导出STEP文件
2026-07-15 11:32:02,250 - INFO - 开始导出STEP文件
2026-07-15 11:32:02,250 - INFO - 进度: 1/14 (7.1%) - 导出STEP servo_mg90s v2
2026-07-15 11:32:02,802 - INFO - STEP导出成功零部件: servo_mg90s v2
2026-07-15 11:32:02,802 - INFO - 进度: 2/14 (14.3%) - 导出STEP servo_mg90s v2
2026-07-15 11:32:03,352 - INFO - STEP导出成功零部件: servo_mg90s v2
2026-07-15 11:32:03,352 - INFO - 进度: 3/14 (21.4%) - 导出STEP ONE-LEG
2026-07-15 11:32:03,828 - INFO - STEP导出成功零部件: ONE-LEG
2026-07-15 11:32:03,829 - INFO - 进度: 4/14 (28.6%) - 导出STEP 膝盖传动1
2026-07-15 11:32:03,869 - INFO - STEP导出成功零部件: 膝盖传动1
2026-07-15 11:32:03,869 - INFO - 进度: 5/14 (35.7%) - 导出STEP 膝盖转动
2026-07-15 11:32:03,905 - INFO - STEP导出成功零部件: 膝盖转动
2026-07-15 11:32:03,905 - INFO - 进度: 6/14 (42.9%) - 导出STEP 膝盖传动2
2026-07-15 11:32:03,945 - INFO - STEP导出成功零部件: 膝盖传动2
2026-07-15 11:32:03,945 - INFO - 进度: 7/14 (50.0%) - 导出STEP 小腿
2026-07-15 11:32:03,985 - INFO - STEP导出成功零部件: 小腿
2026-07-15 11:32:03,985 - INFO - 进度: 8/14 (57.1%) - 导出STEP 大腿部分
2026-07-15 11:32:04,200 - INFO - STEP导出成功零部件: 大腿部分
2026-07-15 11:32:04,200 - INFO - 进度: 9/14 (64.3%) - 导出STEP 大腿主动力发生器
2026-07-15 11:32:04,276 - INFO - STEP导出成功零部件: 大腿主动力发生器
2026-07-15 11:32:04,276 - INFO - 进度: 10/14 (71.4%) - 导出STEP 小腿保持架
2026-07-15 11:32:04,375 - INFO - STEP导出成功零部件: 小腿保持架
2026-07-15 11:32:04,375 - INFO - 进度: 11/14 (78.6%) - 导出STEP 髋关节保持架
2026-07-15 11:32:04,492 - INFO - STEP导出成功零部件: 髋关节保持架
2026-07-15 11:32:04,492 - INFO - 进度: 12/14 (85.7%) - 导出STEP 大腿盖板
2026-07-15 11:32:04,522 - INFO - STEP导出成功零部件: 大腿盖板
2026-07-15 11:32:04,522 - INFO - 进度: 13/14 (92.9%) - 导出STEP 膝盖动力发生器
2026-07-15 11:32:04,590 - INFO - STEP导出成功零部件: 膝盖动力发生器
2026-07-15 11:32:04,590 - INFO - 进度: 14/14 (100.0%) - 导出STEP COL
2026-07-15 11:32:04,628 - INFO - STEP导出成功零部件: COL
2026-07-15 11:32:04,628 - INFO - STEP导出完成，成功导出 14 个文件
2026-07-15 11:32:04,628 - INFO - 进度: 14/14 (100.0%) - STEP文件导出完成
2026-07-15 11:32:04,628 - INFO - 开始创建导出数据
2026-07-15 11:32:04,628 - INFO - 创建元数据: 零部件数=14, 关节数=8
2026-07-15 11:32:04,628 - INFO - 开始序列化数据
2026-07-15 11:32:04,628 - INFO - 开始序列化导出数据
2026-07-15 11:32:04,628 - INFO - 保存导出数据到: /Users/maoge/Documents/JLGLMaolab/F3DMaojoco/exports/e4/component_positions.json
2026-07-15 11:32:04,628 - INFO - 导出数据保存成功
2026-07-15 11:32:04,628 - INFO - 主要数据文件保存成功: component_positions.json
2026-07-15 11:32:04,629 - INFO - 导出描述文件保存成功: export_description.md
2026-07-15 11:32:04,629 - INFO - 数据序列化完成，文件保存在: /Users/maoge/Documents/JLGLMaolab/F3DMaojoco/exports/e4
2026-07-15 11:32:04,629 - INFO - 开始生成分析报告
2026-07-15 11:32:04,629 - INFO - 开始分析导出结果
2026-07-15 11:32:04,629 - INFO - 导出分析完成:
2026-07-15 11:32:04,629 - INFO -   - 零部件: 14 个
2026-07-15 11:32:04,629 - INFO -   - 关节: 8 个
2026-07-15 11:32:04,629 - INFO -   - STL文件: 13 个
2026-07-15 11:32:04,629 - INFO -   - 质量分数: 72.9/100
2026-07-15 11:32:04,629 - INFO -   - 发现 1 个问题需要处理
2026-07-15 11:32:04,629 - INFO -   - 发现 1 个警告
2026-07-15 11:32:04,629 - INFO - 完成: 装配体导出 (耗时: 4.550秒)
2026-07-15 11:32:04,629 - INFO - 导出完成: 14 个零部件, 8 个关节
2026-07-15 11:32:04,629 - INFO - 导出摘要 - 零部件: 14, 关节: 8
2026-07-15 11:32:04,630 - INFO - 导出摘要已显示给用户
2026-07-15 11:32:04,630 - INFO - 导出完成: 14 个零部件, 8 个关节
2026-07-15 11:32:04,630 - INFO - 完成: F3DMaojoco导出 (耗时: 4.552秒)
2026-07-15 11:32:04,630 - INFO - 装配体导出完成
